Archive member included to satisfy reference by file (symbol)

c:/st/stm32cubeide_1.7.0/stm32cubeide/plugins/com.st.stm32cube.ide.mcu.externaltools.gnu-tools-for-stm32.9-2020-q2-update.win32_2.0.0.202105311346/tools/bin/../lib/gcc/arm-none-eabi/9.3.1/../../../../arm-none-eabi/lib/thumb/v6-m/nofp\libc_nano.a(lib_a-errno.o)
                              ./Core/Src/syscalls.o (__errno)
c:/st/stm32cubeide_1.7.0/stm32cubeide/plugins/com.st.stm32cube.ide.mcu.externaltools.gnu-tools-for-stm32.9-2020-q2-update.win32_2.0.0.202105311346/tools/bin/../lib/gcc/arm-none-eabi/9.3.1/../../../../arm-none-eabi/lib/thumb/v6-m/nofp\libc_nano.a(lib_a-exit.o)
                              c:/st/stm32cubeide_1.7.0/stm32cubeide/plugins/com.st.stm32cube.ide.mcu.externaltools.gnu-tools-for-stm32.9-2020-q2-update.win32_2.0.0.202105311346/tools/bin/../lib/gcc/arm-none-eabi/9.3.1/../../../../arm-none-eabi/lib/thumb/v6-m/nofp/crt0.o (exit)
c:/st/stm32cubeide_1.7.0/stm32cubeide/plugins/com.st.stm32cube.ide.mcu.externaltools.gnu-tools-for-stm32.9-2020-q2-update.win32_2.0.0.202105311346/tools/bin/../lib/gcc/arm-none-eabi/9.3.1/../../../../arm-none-eabi/lib/thumb/v6-m/nofp\libc_nano.a(lib_a-impure.o)
                              c:/st/stm32cubeide_1.7.0/stm32cubeide/plugins/com.st.stm32cube.ide.mcu.externaltools.gnu-tools-for-stm32.9-2020-q2-update.win32_2.0.0.202105311346/tools/bin/../lib/gcc/arm-none-eabi/9.3.1/../../../../arm-none-eabi/lib/thumb/v6-m/nofp\libc_nano.a(lib_a-exit.o) (_global_impure_ptr)
c:/st/stm32cubeide_1.7.0/stm32cubeide/plugins/com.st.stm32cube.ide.mcu.externaltools.gnu-tools-for-stm32.9-2020-q2-update.win32_2.0.0.202105311346/tools/bin/../lib/gcc/arm-none-eabi/9.3.1/../../../../arm-none-eabi/lib/thumb/v6-m/nofp\libc_nano.a(lib_a-init.o)
                              c:/st/stm32cubeide_1.7.0/stm32cubeide/plugins/com.st.stm32cube.ide.mcu.externaltools.gnu-tools-for-stm32.9-2020-q2-update.win32_2.0.0.202105311346/tools/bin/../lib/gcc/arm-none-eabi/9.3.1/../../../../arm-none-eabi/lib/thumb/v6-m/nofp/crt0.o (__libc_init_array)
c:/st/stm32cubeide_1.7.0/stm32cubeide/plugins/com.st.stm32cube.ide.mcu.externaltools.gnu-tools-for-stm32.9-2020-q2-update.win32_2.0.0.202105311346/tools/bin/../lib/gcc/arm-none-eabi/9.3.1/../../../../arm-none-eabi/lib/thumb/v6-m/nofp\libc_nano.a(lib_a-memset.o)
                              c:/st/stm32cubeide_1.7.0/stm32cubeide/plugins/com.st.stm32cube.ide.mcu.externaltools.gnu-tools-for-stm32.9-2020-q2-update.win32_2.0.0.202105311346/tools/bin/../lib/gcc/arm-none-eabi/9.3.1/../../../../arm-none-eabi/lib/thumb/v6-m/nofp/crt0.o (memset)
c:/st/stm32cubeide_1.7.0/stm32cubeide/plugins/com.st.stm32cube.ide.mcu.externaltools.gnu-tools-for-stm32.9-2020-q2-update.win32_2.0.0.202105311346/tools/bin/../lib/gcc/arm-none-eabi/9.3.1/../../../../arm-none-eabi/lib/thumb/v6-m/nofp\libc_nano.a(lib_a-sprintf.o)
                              ./Core/Src/main.o (sprintf)
c:/st/stm32cubeide_1.7.0/stm32cubeide/plugins/com.st.stm32cube.ide.mcu.externaltools.gnu-tools-for-stm32.9-2020-q2-update.win32_2.0.0.202105311346/tools/bin/../lib/gcc/arm-none-eabi/9.3.1/../../../../arm-none-eabi/lib/thumb/v6-m/nofp\libc_nano.a(lib_a-strlen.o)
                              ./Core/Src/main.o (strlen)
c:/st/stm32cubeide_1.7.0/stm32cubeide/plugins/com.st.stm32cube.ide.mcu.externaltools.gnu-tools-for-stm32.9-2020-q2-update.win32_2.0.0.202105311346/tools/bin/../lib/gcc/arm-none-eabi/9.3.1/../../../../arm-none-eabi/lib/thumb/v6-m/nofp\libc_nano.a(lib_a-nano-svfprintf.o)
                              c:/st/stm32cubeide_1.7.0/stm32cubeide/plugins/com.st.stm32cube.ide.mcu.externaltools.gnu-tools-for-stm32.9-2020-q2-update.win32_2.0.0.202105311346/tools/bin/../lib/gcc/arm-none-eabi/9.3.1/../../../../arm-none-eabi/lib/thumb/v6-m/nofp\libc_nano.a(lib_a-sprintf.o) (_svfprintf_r)
c:/st/stm32cubeide_1.7.0/stm32cubeide/plugins/com.st.stm32cube.ide.mcu.externaltools.gnu-tools-for-stm32.9-2020-q2-update.win32_2.0.0.202105311346/tools/bin/../lib/gcc/arm-none-eabi/9.3.1/../../../../arm-none-eabi/lib/thumb/v6-m/nofp\libc_nano.a(lib_a-nano-vfprintf_i.o)
                              c:/st/stm32cubeide_1.7.0/stm32cubeide/plugins/com.st.stm32cube.ide.mcu.externaltools.gnu-tools-for-stm32.9-2020-q2-update.win32_2.0.0.202105311346/tools/bin/../lib/gcc/arm-none-eabi/9.3.1/../../../../arm-none-eabi/lib/thumb/v6-m/nofp\libc_nano.a(lib_a-nano-svfprintf.o) (_printf_i)
c:/st/stm32cubeide_1.7.0/stm32cubeide/plugins/com.st.stm32cube.ide.mcu.externaltools.gnu-tools-for-stm32.9-2020-q2-update.win32_2.0.0.202105311346/tools/bin/../lib/gcc/arm-none-eabi/9.3.1/../../../../arm-none-eabi/lib/thumb/v6-m/nofp\libc_nano.a(lib_a-memchr-stub.o)
                              c:/st/stm32cubeide_1.7.0/stm32cubeide/plugins/com.st.stm32cube.ide.mcu.externaltools.gnu-tools-for-stm32.9-2020-q2-update.win32_2.0.0.202105311346/tools/bin/../lib/gcc/arm-none-eabi/9.3.1/../../../../arm-none-eabi/lib/thumb/v6-m/nofp\libc_nano.a(lib_a-nano-svfprintf.o) (memchr)
[...]
Memory Configuration

Name             Origin             Length             Attributes
RAM              0x0000000020000000 0x0000000000002000 xrw
FLASH            0x0000000008000000 0x0000000000010000 xr
*default*        0x0000000000000000 0xffffffffffffffff

Linker script and memory map

LOAD c:/st/stm32cubeide_1.7.0/stm32cubeide/plugins/com.st.stm32cube.ide.mcu.externaltools.gnu-tools-for-stm32.9-2020-q2-update.win32_2.0.0.202105311346/tools/bin/../lib/gcc/arm-none-eabi/9.3.1/thumb/v6-m/nofp/crti.o
LOAD c:/st/stm32cubeide_1.7.0/stm32cubeide/plugins/com.st.stm32cube.ide.mcu.externaltools.gnu-tools-for-stm32.9-2020-q2-update.win32_2.0.0.202105311346/tools/bin/../lib/gcc/arm-none-eabi/9.3.1/thumb/v6-m/nofp/crtbegin.o
LOAD c:/st/stm32cubeide_1.7.0/stm32cubeide/plugins/com.st.stm32cube.ide.mcu.externaltools.gnu-tools-for-stm32.9-2020-q2-update.win32_2.0.0.202105311346/tools/bin/../lib/gcc/arm-none-eabi/9.3.1/../../../../arm-none-eabi/lib/thumb/v6-m/nofp/crt0.o
LOAD ./Core/Src/main.o
LOAD ./Core/Src/stm32g0xx_hal_msp.o
LOAD ./Core/Src/stm32g0xx_it.o
LOAD ./Core/Src/syscalls.o
LOAD ./Core/Src/sysmem.o
LOAD ./Core/Src/system_stm32g0xx.o
LOAD ./Core/Startup/startup_stm32g031k8tx.o
LOAD ./Drivers/STM32G0xx_HAL_Driver/Src/stm32g0xx_hal.o
LOAD ./Drivers/STM32G0xx_HAL_Driver/Src/stm32g0xx_hal_cortex.o
LOAD ./Drivers/STM32G0xx_HAL_Driver/Src/stm32g0xx_hal_dma.o
LOAD ./Drivers/STM32G0xx_HAL_Driver/Src/stm32g0xx_hal_dma_ex.o
LOAD ./Drivers/STM32G0xx_HAL_Driver/Src/stm32g0xx_hal_exti.o
LOAD ./Drivers/STM32G0xx_HAL_Driver/Src/stm32g0xx_hal_flash.o
LOAD ./Drivers/STM32G0xx_HAL_Driver/Src/stm32g0xx_hal_flash_ex.o
LOAD ./Drivers/STM32G0xx_HAL_Driver/Src/stm32g0xx_hal_gpio.o
LOAD ./Drivers/STM32G0xx_HAL_Driver/Src/stm32g0xx_hal_pwr.o
LOAD ./Drivers/STM32G0xx_HAL_Driver/Src/stm32g0xx_hal_pwr_ex.o
LOAD ./Drivers/STM32G0xx_HAL_Driver/Src/stm32g0xx_hal_rcc.o
LOAD ./Drivers/STM32G0xx_HAL_Driver/Src/stm32g0xx_hal_rcc_ex.o
LOAD ./Drivers/STM32G0xx_HAL_Driver/Src/stm32g0xx_hal_tim.o
LOAD ./Drivers/STM32G0xx_HAL_Driver/Src/stm32g0xx_hal_tim_ex.o
LOAD ./Drivers/STM32G0xx_HAL_Driver/Src/stm32g0xx_hal_uart.o
LOAD ./Drivers/STM32G0xx_HAL_Driver/Src/stm32g0xx_hal_uart_ex.o
LOAD ./Drivers/STM32G0xx_HAL_Driver/Src/stm32g0xx_ll_dma.o
LOAD ./Drivers/STM32G0xx_HAL_Driver/Src/stm32g0xx_ll_rcc.o
START GROUP
LOAD c:/st/stm32cubeide_1.7.0/stm32cubeide/plugins/com.st.stm32cube.ide.mcu.externaltools.gnu-tools-for-stm32.9-2020-q2-update.win32_2.0.0.202105311346/tools/bin/../lib/gcc/arm-none-eabi/9.3.1/../../../../arm-none-eabi/lib/thumb/v6-m/nofp\libc_nano.a
LOAD c:/st/stm32cubeide_1.7.0/stm32cubeide/plugins/com.st.stm32cube.ide.mcu.externaltools.gnu-tools-for-stm32.9-2020-q2-update.win32_2.0.0.202105311346/tools/bin/../lib/gcc/arm-none-eabi/9.3.1/../../../../arm-none-eabi/lib/thumb/v6-m/nofp\libm.a
END GROUP
START GROUP
LOAD c:/st/stm32cubeide_1.7.0/stm32cubeide/plugins/com.st.stm32cube.ide.mcu.externaltools.gnu-tools-for-stm32.9-2020-q2-update.win32_2.0.0.202105311346/tools/bin/../lib/gcc/arm-none-eabi/9.3.1/thumb/v6-m/nofp\libgcc.a
LOAD c:/st/stm32cubeide_1.7.0/stm32cubeide/plugins/com.st.stm32cube.ide.mcu.externaltools.gnu-tools-for-stm32.9-2020-q2-update.win32_2.0.0.202105311346/tools/bin/../lib/gcc/arm-none-eabi/9.3.1/../../../../arm-none-eabi/lib/thumb/v6-m/nofp\libc_nano.a
END GROUP
START GROUP
LOAD c:/st/stm32cubeide_1.7.0/stm32cubeide/plugins/com.st.stm32cube.ide.mcu.externaltools.gnu-tools-for-stm32.9-2020-q2-update.win32_2.0.0.202105311346/tools/bin/../lib/gcc/arm-none-eabi/9.3.1/thumb/v6-m/nofp\libgcc.a
LOAD c:/st/stm32cubeide_1.7.0/stm32cubeide/plugins/com.st.stm32cube.ide.mcu.externaltools.gnu-tools-for-stm32.9-2020-q2-update.win32_2.0.0.202105311346/tools/bin/../lib/gcc/arm-none-eabi/9.3.1/../../../../arm-none-eabi/lib/thumb/v6-m/nofp\libc_nano.a
LOAD c:/st/stm32cubeide_1.7.0/stm32cubeide/plugins/com.st.stm32cube.ide.mcu.externaltools.gnu-tools-for-stm32.9-2020-q2-update.win32_2.0.0.202105311346/tools/bin/../lib/gcc/arm-none-eabi/9.3.1/../../../../arm-none-eabi/lib/thumb/v6-m/nofp\libnosys.a
END GROUP
START GROUP
LOAD c:/st/stm32cubeide_1.7.0/stm32cubeide/plugins/com.st.stm32cube.ide.mcu.externaltools.gnu-tools-for-stm32.9-2020-q2-update.win32_2.0.0.202105311346/tools/bin/../lib/gcc/arm-none-eabi/9.3.1/thumb/v6-m/nofp\libgcc.a
LOAD c:/st/stm32cubeide_1.7.0/stm32cubeide/plugins/com.st.stm32cube.ide.mcu.externaltools.gnu-tools-for-stm32.9-2020-q2-update.win32_2.0.0.202105311346/tools/bin/../lib/gcc/arm-none-eabi/9.3.1/../../../../arm-none-eabi/lib/thumb/v6-m/nofp\libc_nano.a
LOAD c:/st/stm32cubeide_1.7.0/stm32cubeide/plugins/com.st.stm32cube.ide.mcu.externaltools.gnu-tools-for-stm32.9-2020-q2-update.win32_2.0.0.202105311346/tools/bin/../lib/gcc/arm-none-eabi/9.3.1/../../../../arm-none-eabi/lib/thumb/v6-m/nofp\libnosys.a
END GROUP
LOAD c:/st/stm32cubeide_1.7.0/stm32cubeide/plugins/com.st.stm32cube.ide.mcu.externaltools.gnu-tools-for-stm32.9-2020-q2-update.win32_2.0.0.202105311346/tools/bin/../lib/gcc/arm-none-eabi/9.3.1/thumb/v6-m/nofp/crtend.o
LOAD c:/st/stm32cubeide_1.7.0/stm32cubeide/plugins/com.st.stm32cube.ide.mcu.externaltools.gnu-tools-for-stm32.9-2020-q2-update.win32_2.0.0.202105311346/tools/bin/../lib/gcc/arm-none-eabi/9.3.1/thumb/v6-m/nofp/crtn.o
                0x0000000020002000                _estack = (ORIGIN (RAM) + LENGTH (RAM))
                0x0000000000000200                _Min_Heap_Size = 0x200
                0x0000000000000400                _Min_Stack_Size = 0x400

.isr_vector     0x0000000008000000       0xbc
                0x0000000008000000                . = ALIGN (0x4)
 *(.isr_vector)
 .isr_vector    0x0000000008000000       0xbc ./Core/Startup/startup_stm32g031k8tx.o
                0x0000000008000000                g_pfnVectors
                0x00000000080000bc                . = ALIGN (0x4)

.text           0x00000000080000bc     0x4010
                0x00000000080000bc                . = ALIGN (0x4)
 *(.text)
 .text          0x00000000080000bc       0x48 c:/st/stm32cubeide_1.7.0/stm32cubeide/plugins/com.st.stm32cube.ide.mcu.externaltools.gnu-tools-for-stm32.9-2020-q2-update.win32_2.0.0.202105311346/tools/bin/../lib/gcc/arm-none-eabi/9.3.1/thumb/v6-m/nofp/crtbegin.o
 .text          0x0000000008000104        0xe c:/st/stm32cubeide_1.7.0/stm32cubeide/plugins/com.st.stm32cube.ide.mcu.externaltools.gnu-tools-for-stm32.9-2020-q2-update.win32_2.0.0.202105311346/tools/bin/../lib/gcc/arm-none-eabi/9.3.1/../../../../arm-none-eabi/lib/thumb/v6-m/nofp\libc_nano.a(lib_a-strlen.o)
                0x0000000008000104                strlen
 *fill*         0x0000000008000112        0x2 
 .text          0x0000000008000114       0x14 c:/st/stm32cubeide_1.7.0/stm32cubeide/plugins/com.st.stm32cube.ide.mcu.externaltools.gnu-tools-for-stm32.9-2020-q2-update.win32_2.0.0.202105311346/tools/bin/../lib/gcc/arm-none-eabi/9.3.1/thumb/v6-m/nofp\libgcc.a(_thumb1_case_shi.o)
                0x0000000008000114                __gnu_thumb1_case_shi
 .text          0x0000000008000128      0x114 c:/st/stm32cubeide_1.7.0/stm32cubeide/plugins/com.st.stm32cube.ide.mcu.externaltools.gnu-tools-for-stm32.9-2020-q2-update.win32_2.0.0.202105311346/tools/bin/../lib/gcc/arm-none-eabi/9.3.1/thumb/v6-m/nofp\libgcc.a(_udivsi3.o)
                0x0000000008000128                __aeabi_uidiv
                0x0000000008000128                __udivsi3
                0x0000000008000234                __aeabi_uidivmod
 .text          0x000000000800023c        0x4 c:/st/stm32cubeide_1.7.0/stm32cubeide/plugins/com.st.stm32cube.ide.mcu.externaltools.gnu-tools-for-stm32.9-2020-q2-update.win32_2.0.0.202105311346/tools/bin/../lib/gcc/arm-none-eabi/9.3.1/thumb/v6-m/nofp\libgcc.a(_dvmd_tls.o)
                0x000000000800023c                __aeabi_idiv0
                0x000000000800023c                __aeabi_ldiv0
 .text          0x0000000008000240       0x40 c:/st/stm32cubeide_1.7.0/stm32cubeide/plugins/com.st.stm32cube.ide.mcu.externaltools.gnu-tools-for-stm32.9-2020-q2-update.win32_2.0.0.202105311346/tools/bin/../lib/gcc/arm-none-eabi/9.3.1/thumb/v6-m/nofp\libgcc.a(_aeabi_uldivmod.o)
                0x0000000008000240                __aeabi_uldivmod
 .text          0x0000000008000280      0x198 c:/st/stm32cubeide_1.7.0/stm32cubeide/plugins/com.st.stm32cube.ide.mcu.externaltools.gnu-tools-for-stm32.9-2020-q2-update.win32_2.0.0.202105311346/tools/bin/../lib/gcc/arm-none-eabi/9.3.1/thumb/v6-m/nofp\libgcc.a(_udivmoddi4.o)
                0x0000000008000280                __udivmoddi4
 .text          0x0000000008000418       0x18 c:/st/stm32cubeide_1.7.0/stm32cubeide/plugins/com.st.stm32cube.ide.mcu.externaltools.gnu-tools-for-stm32.9-2020-q2-update.win32_2.0.0.202105311346/tools/bin/../lib/gcc/arm-none-eabi/9.3.1/thumb/v6-m/nofp\libgcc.a(_clzdi2.o)
                0x0000000008000418                __clzdi2
 .text          0x0000000008000430       0x3c c:/st/stm32cubeide_1.7.0/stm32cubeide/plugins/com.st.stm32cube.ide.mcu.externaltools.gnu-tools-for-stm32.9-2020-q2-update.win32_2.0.0.202105311346/tools/bin/../lib/gcc/arm-none-eabi/9.3.1/thumb/v6-m/nofp\libgcc.a(_clzsi2.o)
                0x0000000008000430                __clzsi2
 *(.text*)
 .text.main     0x000000000800046c       0x50 ./Core/Src/main.o
                0x000000000800046c                main
 .text.SystemClock_Config
                0x00000000080004bc       0x90 ./Core/Src/main.o
                0x00000000080004bc                SystemClock_Config
 .text.MX_USART2_UART_Init
                0x000000000800054c       0x68 ./Core/Src/main.o
 .text.MX_GPIO_Init
                0x00000000080005b4       0x2c ./Core/Src/main.o
 .text.print_uart_rx_buff
                0x00000000080005e0       0x3c ./Core/Src/main.o
 .text.HAL_UART_RxCpltCallback
                0x000000000800061c       0x14 ./Core/Src/main.o
                0x000000000800061c                HAL_UART_RxCpltCallback
 .text.Error_Handler
                0x0000000008000630        0xa ./Core/Src/main.o
                0x0000000008000630                Error_Handler
 *fill*         0x000000000800063a        0x2 
 .text.HAL_MspInit
                0x000000000800063c       0x48 ./Core/Src/stm32g0xx_hal_msp.o
                0x000000000800063c                HAL_MspInit
 .text.HAL_UART_MspInit
                0x0000000008000684       0xa4 ./Core/Src/stm32g0xx_hal_msp.o
                0x0000000008000684                HAL_UART_MspInit
 .text.NMI_Handler
                0x0000000008000728        0x6 ./Core/Src/stm32g0xx_it.o
                0x0000000008000728                NMI_Handler
 .text.HardFault_Handler
                0x000000000800072e        0x6 ./Core/Src/stm32g0xx_it.o
                0x000000000800072e                HardFault_Handler
 .text.SVC_Handler
                0x0000000008000734        0xa ./Core/Src/stm32g0xx_it.o
                0x0000000008000734                SVC_Handler
 .text.PendSV_Handler
                0x000000000800073e        0xa ./Core/Src/stm32g0xx_it.o
                0x000000000800073e                PendSV_Handler
 .text.SysTick_Handler
                0x0000000008000748        0xe ./Core/Src/stm32g0xx_it.o
                0x0000000008000748                SysTick_Handler
 *fill*         0x0000000008000756        0x2 
 .text.USART2_IRQHandler
                0x0000000008000758       0x18 ./Core/Src/stm32g0xx_it.o
                0x0000000008000758                USART2_IRQHandler
 .text._sbrk    0x0000000008000770       0x6c ./Core/Src/sysmem.o
                0x0000000008000770                _sbrk
 .text.SystemInit
                0x00000000080007dc        0xa ./Core/Src/system_stm32g0xx.o
                0x00000000080007dc                SystemInit
 *fill*         0x00000000080007e6        0x2 
 .text.Reset_Handler
                0x00000000080007e8       0x50 ./Core/Startup/startup_stm32g031k8tx.o
                0x00000000080007e8                Reset_Handler
 .text.Default_Handler
                0x0000000008000838        0x2 ./Core/Startup/startup_stm32g031k8tx.o
                0x0000000008000838                TIM1_CC_IRQHandler
                0x0000000008000838                PVD_IRQHandler
                0x0000000008000838                I2C1_IRQHandler
                0x0000000008000838                LPTIM2_IRQHandler
                0x0000000008000838                RTC_TAMP_IRQHandler
                0x0000000008000838                SPI1_IRQHandler
                0x0000000008000838                DMA1_Ch4_5_DMAMUX1_OVR_IRQHandler
                0x0000000008000838                EXTI2_3_IRQHandler
                0x0000000008000838                ADC1_IRQHandler
                0x0000000008000838                I2C2_IRQHandler
                0x0000000008000838                TIM17_IRQHandler
                0x0000000008000838                TIM16_IRQHandler
                0x0000000008000838                TIM3_IRQHandler
                0x0000000008000838                EXTI4_15_IRQHandler
                0x0000000008000838                RCC_IRQHandler
                0x0000000008000838                DMA1_Channel1_IRQHandler
                0x0000000008000838                Default_Handler
                0x0000000008000838                TIM14_IRQHandler
                0x0000000008000838                EXTI0_1_IRQHandler
                0x0000000008000838                SPI2_IRQHandler
                0x0000000008000838                WWDG_IRQHandler
                0x0000000008000838                LPUART1_IRQHandler
                0x0000000008000838                TIM2_IRQHandler
                0x0000000008000838                DMA1_Channel2_3_IRQHandler
                0x0000000008000838                FLASH_IRQHandler
                0x0000000008000838                USART1_IRQHandler
                0x0000000008000838                TIM1_BRK_UP_TRG_COM_IRQHandler
                0x0000000008000838                LPTIM1_IRQHandler
 *fill*         0x000000000800083a        0x2 
 .text.HAL_Init
                0x000000000800083c       0x40 ./Drivers/STM32G0xx_HAL_Driver/Src/stm32g0xx_hal.o
                0x000000000800083c                HAL_Init
 .text.HAL_InitTick
                0x000000000800087c       0x94 ./Drivers/STM32G0xx_HAL_Driver/Src/stm32g0xx_hal.o
                0x000000000800087c                HAL_InitTick
 .text.HAL_IncTick
                0x0000000008000910       0x24 ./Drivers/STM32G0xx_HAL_Driver/Src/stm32g0xx_hal.o
                0x0000000008000910                HAL_IncTick
 .text.HAL_GetTick
                0x0000000008000934       0x14 ./Drivers/STM32G0xx_HAL_Driver/Src/stm32g0xx_hal.o
                0x0000000008000934                HAL_GetTick
 .text.HAL_Delay
                0x0000000008000948       0x48 ./Drivers/STM32G0xx_HAL_Driver/Src/stm32g0xx_hal.o
                0x0000000008000948                HAL_Delay
 .text.__NVIC_EnableIRQ
                0x0000000008000990       0x34 ./Drivers/STM32G0xx_HAL_Driver/Src/stm32g0xx_hal_cortex.o
 .text.__NVIC_SetPriority
                0x00000000080009c4       0xdc ./Drivers/STM32G0xx_HAL_Driver/Src/stm32g0xx_hal_cortex.o
 .text.SysTick_Config
                0x0000000008000aa0       0x48 ./Drivers/STM32G0xx_HAL_Driver/Src/stm32g0xx_hal_cortex.o
 .text.HAL_NVIC_SetPriority
                0x0000000008000ae8       0x2a ./Drivers/STM32G0xx_HAL_Driver/Src/stm32g0xx_hal_cortex.o
                0x0000000008000ae8                HAL_NVIC_SetPriority
 .text.HAL_NVIC_EnableIRQ
                0x0000000008000b12       0x20 ./Drivers/STM32G0xx_HAL_Driver/Src/stm32g0xx_hal_cortex.o
                0x0000000008000b12                HAL_NVIC_EnableIRQ
 .text.HAL_SYSTICK_Config
                0x0000000008000b32       0x1a ./Drivers/STM32G0xx_HAL_Driver/Src/stm32g0xx_hal_cortex.o
                0x0000000008000b32                HAL_SYSTICK_Config
 .text.HAL_DMA_Abort
                0x0000000008000b4c       0xc4 ./Drivers/STM32G0xx_HAL_Driver/Src/stm32g0xx_hal_dma.o
                0x0000000008000b4c                HAL_DMA_Abort
 .text.HAL_DMA_Abort_IT
                0x0000000008000c10       0xd4 ./Drivers/STM32G0xx_HAL_Driver/Src/stm32g0xx_hal_dma.o
                0x0000000008000c10                HAL_DMA_Abort_IT
 .text.HAL_GPIO_Init
                0x0000000008000ce4      0x2c8 ./Drivers/STM32G0xx_HAL_Driver/Src/stm32g0xx_hal_gpio.o
                0x0000000008000ce4                HAL_GPIO_Init
 .text.HAL_PWREx_ControlVoltageScaling
                0x0000000008000fac       0x80 ./Drivers/STM32G0xx_HAL_Driver/Src/stm32g0xx_hal_pwr_ex.o
                0x0000000008000fac                HAL_PWREx_ControlVoltageScaling
 .text.LL_RCC_GetAPB1Prescaler
                0x000000000800102c       0x18 ./Drivers/STM32G0xx_HAL_Driver/Src/stm32g0xx_hal_rcc.o
 .text.HAL_RCC_OscConfig
                0x0000000008001044      0x640 ./Drivers/STM32G0xx_HAL_Driver/Src/stm32g0xx_hal_rcc.o
                0x0000000008001044                HAL_RCC_OscConfig
 .text.HAL_RCC_ClockConfig
                0x0000000008001684      0x210 ./Drivers/STM32G0xx_HAL_Driver/Src/stm32g0xx_hal_rcc.o
                0x0000000008001684                HAL_RCC_ClockConfig
 .text.HAL_RCC_GetSysClockFreq
                0x0000000008001894      0x104 ./Drivers/STM32G0xx_HAL_Driver/Src/stm32g0xx_hal_rcc.o
                0x0000000008001894                HAL_RCC_GetSysClockFreq
 .text.HAL_RCC_GetHCLKFreq
                0x0000000008001998       0x14 ./Drivers/STM32G0xx_HAL_Driver/Src/stm32g0xx_hal_rcc.o
                0x0000000008001998                HAL_RCC_GetHCLKFreq
 .text.HAL_RCC_GetPCLK1Freq
                0x00000000080019ac       0x2c ./Drivers/STM32G0xx_HAL_Driver/Src/stm32g0xx_hal_rcc.o
                0x00000000080019ac                HAL_RCC_GetPCLK1Freq
 .text.HAL_UART_Init
                0x00000000080019d8       0xac ./Drivers/STM32G0xx_HAL_Driver/Src/stm32g0xx_hal_uart.o
                0x00000000080019d8                HAL_UART_Init
 .text.HAL_UART_Transmit
                0x0000000008001a84      0x156 ./Drivers/STM32G0xx_HAL_Driver/Src/stm32g0xx_hal_uart.o
                0x0000000008001a84                HAL_UART_Transmit
 *fill*         0x0000000008001bda        0x2 
 .text.HAL_UART_Receive_IT
                0x0000000008001bdc       0xd4 ./Drivers/STM32G0xx_HAL_Driver/Src/stm32g0xx_hal_uart.o
                0x0000000008001bdc                HAL_UART_Receive_IT
 .text.HAL_UART_IRQHandler
                0x0000000008001cb0      0x634 ./Drivers/STM32G0xx_HAL_Driver/Src/stm32g0xx_hal_uart.o
                0x0000000008001cb0                HAL_UART_IRQHandler
 .text.HAL_UART_TxCpltCallback
                0x00000000080022e4       0x10 ./Drivers/STM32G0xx_HAL_Driver/Src/stm32g0xx_hal_uart.o
                0x00000000080022e4                HAL_UART_TxCpltCallback
 .text.HAL_UART_ErrorCallback
                0x00000000080022f4       0x10 ./Drivers/STM32G0xx_HAL_Driver/Src/stm32g0xx_hal_uart.o
                0x00000000080022f4                HAL_UART_ErrorCallback
 .text.HAL_UARTEx_RxEventCallback
                0x0000000008002304       0x16 ./Drivers/STM32G0xx_HAL_Driver/Src/stm32g0xx_hal_uart.o
                0x0000000008002304                HAL_UARTEx_RxEventCallback
 *fill*         0x000000000800231a        0x2 
 .text.UART_SetConfig
                0x000000000800231c      0x520 ./Drivers/STM32G0xx_HAL_Driver/Src/stm32g0xx_hal_uart.o
                0x000000000800231c                UART_SetConfig
 .text.UART_AdvFeatureConfig
                0x000000000800283c      0x168 ./Drivers/STM32G0xx_HAL_Driver/Src/stm32g0xx_hal_uart.o
                0x000000000800283c                UART_AdvFeatureConfig
 .text.UART_CheckIdleState
                0x00000000080029a4       0x94 ./Drivers/STM32G0xx_HAL_Driver/Src/stm32g0xx_hal_uart.o
                0x00000000080029a4                UART_CheckIdleState
 .text.UART_WaitOnFlagUntilTimeout
                0x0000000008002a38      0x190 ./Drivers/STM32G0xx_HAL_Driver/Src/stm32g0xx_hal_uart.o
                0x0000000008002a38                UART_WaitOnFlagUntilTimeout
 .text.UART_Start_Receive_IT
                0x0000000008002bc8      0x218 ./Drivers/STM32G0xx_HAL_Driver/Src/stm32g0xx_hal_uart.o
                0x0000000008002bc8                UART_Start_Receive_IT
 .text.UART_EndRxTransfer
                0x0000000008002de0       0xcc ./Drivers/STM32G0xx_HAL_Driver/Src/stm32g0xx_hal_uart.o
 .text.UART_DMAAbortOnError
                0x0000000008002eac       0x2e ./Drivers/STM32G0xx_HAL_Driver/Src/stm32g0xx_hal_uart.o
 .text.UART_EndTransmit_IT
                0x0000000008002eda       0x58 ./Drivers/STM32G0xx_HAL_Driver/Src/stm32g0xx_hal_uart.o
 *fill*         0x0000000008002f32        0x2 
 .text.UART_RxISR_8BIT
                0x0000000008002f34      0x16c ./Drivers/STM32G0xx_HAL_Driver/Src/stm32g0xx_hal_uart.o
 .text.UART_RxISR_16BIT
                0x00000000080030a0      0x16c ./Drivers/STM32G0xx_HAL_Driver/Src/stm32g0xx_hal_uart.o
 .text.UART_RxISR_8BIT_FIFOEN
                0x000000000800320c      0x2e4 ./Drivers/STM32G0xx_HAL_Driver/Src/stm32g0xx_hal_uart.o
 .text.UART_RxISR_16BIT_FIFOEN
                0x00000000080034f0      0x2e4 ./Drivers/STM32G0xx_HAL_Driver/Src/stm32g0xx_hal_uart.o
 .text.HAL_UARTEx_WakeupCallback
                0x00000000080037d4       0x10 ./Drivers/STM32G0xx_HAL_Driver/Src/stm32g0xx_hal_uart_ex.o
                0x00000000080037d4                HAL_UARTEx_WakeupCallback
 .text.HAL_UARTEx_RxFifoFullCallback
                0x00000000080037e4       0x10 ./Drivers/STM32G0xx_HAL_Driver/Src/stm32g0xx_hal_uart_ex.o
                0x00000000080037e4                HAL_UARTEx_RxFifoFullCallback
 .text.HAL_UARTEx_TxFifoEmptyCallback
                0x00000000080037f4       0x10 ./Drivers/STM32G0xx_HAL_Driver/Src/stm32g0xx_hal_uart_ex.o
                0x00000000080037f4                HAL_UARTEx_TxFifoEmptyCallback
 .text.__errno  0x0000000008003804        0xc c:/st/stm32cubeide_1.7.0/stm32cubeide/plugins/com.st.stm32cube.ide.mcu.externaltools.gnu-tools-for-stm32.9-2020-q2-update.win32_2.0.0.202105311346/tools/bin/../lib/gcc/arm-none-eabi/9.3.1/../../../../arm-none-eabi/lib/thumb/v6-m/nofp\libc_nano.a(lib_a-errno.o)
                0x0000000008003804                __errno
 .text.__libc_init_array
                0x0000000008003810       0x48 c:/st/stm32cubeide_1.7.0/stm32cubeide/plugins/com.st.stm32cube.ide.mcu.externaltools.gnu-tools-for-stm32.9-2020-q2-update.win32_2.0.0.202105311346/tools/bin/../lib/gcc/arm-none-eabi/9.3.1/../../../../arm-none-eabi/lib/thumb/v6-m/nofp\libc_nano.a(lib_a-init.o)
                0x0000000008003810                __libc_init_array
 .text.memset   0x0000000008003858       0x10 c:/st/stm32cubeide_1.7.0/stm32cubeide/plugins/com.st.stm32cube.ide.mcu.externaltools.gnu-tools-for-stm32.9-2020-q2-update.win32_2.0.0.202105311346/tools/bin/../lib/gcc/arm-none-eabi/9.3.1/../../../../arm-none-eabi/lib/thumb/v6-m/nofp\libc_nano.a(lib_a-memset.o)
                0x0000000008003858                memset
 .text.sprintf  0x0000000008003868       0x40 c:/st/stm32cubeide_1.7.0/stm32cubeide/plugins/com.st.stm32cube.ide.mcu.externaltools.gnu-tools-for-stm32.9-2020-q2-update.win32_2.0.0.202105311346/tools/bin/../lib/gcc/arm-none-eabi/9.3.1/../../../../arm-none-eabi/lib/thumb/v6-m/nofp\libc_nano.a(lib_a-sprintf.o)
                0x0000000008003868                siprintf
                0x0000000008003868                sprintf
 .text.__ssputs_r
                0x00000000080038a8       0xc4 c:/st/stm32cubeide_1.7.0/stm32cubeide/plugins/com.st.stm32cube.ide.mcu.externaltools.gnu-tools-for-stm32.9-2020-q2-update.win32_2.0.0.202105311346/tools/bin/../lib/gcc/arm-none-eabi/9.3.1/../../../../arm-none-eabi/lib/thumb/v6-m/nofp\libc_nano.a(lib_a-nano-svfprintf.o)
                0x00000000080038a8                __ssputs_r
 .text._svfprintf_r
                0x000000000800396c      0x200 c:/st/stm32cubeide_1.7.0/stm32cubeide/plugins/com.st.stm32cube.ide.mcu.externaltools.gnu-tools-for-stm32.9-2020-q2-update.win32_2.0.0.202105311346/tools/bin/../lib/gcc/arm-none-eabi/9.3.1/../../../../arm-none-eabi/lib/thumb/v6-m/nofp\libc_nano.a(lib_a-nano-svfprintf.o)
                0x000000000800396c                _svfiprintf_r
                0x000000000800396c                _svfprintf_r
 .text._printf_common
                0x0000000008003b6c       0xde c:/st/stm32cubeide_1.7.0/stm32cubeide/plugins/com.st.stm32cube.ide.mcu.externaltools.gnu-tools-for-stm32.9-2020-q2-update.win32_2.0.0.202105311346/tools/bin/../lib/gcc/arm-none-eabi/9.3.1/../../../../arm-none-eabi/lib/thumb/v6-m/nofp\libc_nano.a(lib_a-nano-vfprintf_i.o)
                0x0000000008003b6c                _printf_common
 *fill*         0x0000000008003c4a        0x2 
 .text._printf_i
                0x0000000008003c4c      0x224 c:/st/stm32cubeide_1.7.0/stm32cubeide/plugins/com.st.stm32cube.ide.mcu.externaltools.gnu-tools-for-stm32.9-2020-q2-update.win32_2.0.0.202105311346/tools/bin/../lib/gcc/arm-none-eabi/9.3.1/../../../../arm-none-eabi/lib/thumb/v6-m/nofp\libc_nano.a(lib_a-nano-vfprintf_i.o)
                0x0000000008003c4c                _printf_i
 .text.memchr   0x0000000008003e70       0x16 c:/st/stm32cubeide_1.7.0/stm32cubeide/plugins/com.st.stm32cube.ide.mcu.externaltools.gnu-tools-for-stm32.9-2020-q2-update.win32_2.0.0.202105311346/tools/bin/../lib/gcc/arm-none-eabi/9.3.1/../../../../arm-none-eabi/lib/thumb/v6-m/nofp\libc_nano.a(lib_a-memchr-stub.o)
                0x0000000008003e70                memchr
 .text.memcpy   0x0000000008003e86       0x12 c:/st/stm32cubeide_1.7.0/stm32cubeide/plugins/com.st.stm32cube.ide.mcu.externaltools.gnu-tools-for-stm32.9-2020-q2-update.win32_2.0.0.202105311346/tools/bin/../lib/gcc/arm-none-eabi/9.3.1/../../../../arm-none-eabi/lib/thumb/v6-m/nofp\libc_nano.a(lib_a-memcpy-stub.o)
                0x0000000008003e86                memcpy
 .text.memmove  0x0000000008003e98       0x26 c:/st/stm32cubeide_1.7.0/stm32cubeide/plugins/com.st.stm32cube.ide.mcu.externaltools.gnu-tools-for-stm32.9-2020-q2-update.win32_2.0.0.202105311346/tools/bin/../lib/gcc/arm-none-eabi/9.3.1/../../../../arm-none-eabi/lib/thumb/v6-m/nofp\libc_nano.a(lib_a-memmove.o)
                0x0000000008003e98                memmove
 *fill*         0x0000000008003ebe        0x2 
 .text._free_r  0x0000000008003ec0       0x94 c:/st/stm32cubeide_1.7.0/stm32cubeide/plugins/com.st.stm32cube.ide.mcu.externaltools.gnu-tools-for-stm32.9-2020-q2-update.win32_2.0.0.202105311346/tools/bin/../lib/gcc/arm-none-eabi/9.3.1/../../../../arm-none-eabi/lib/thumb/v6-m/nofp\libc_nano.a(lib_a-nano-freer.o)
                0x0000000008003ec0                _free_r
 .text._malloc_r
                0x0000000008003f54       0xbc c:/st/stm32cubeide_1.7.0/stm32cubeide/plugins/com.st.stm32cube.ide.mcu.externaltools.gnu-tools-for-stm32.9-2020-q2-update.win32_2.0.0.202105311346/tools/bin/../lib/gcc/arm-none-eabi/9.3.1/../../../../arm-none-eabi/lib/thumb/v6-m/nofp\libc_nano.a(lib_a-nano-mallocr.o)
                0x0000000008003f54                _malloc_r
 .text._realloc_r
                0x0000000008004010       0x4c c:/st/stm32cubeide_1.7.0/stm32cubeide/plugins/com.st.stm32cube.ide.mcu.externaltools.gnu-tools-for-stm32.9-2020-q2-update.win32_2.0.0.202105311346/tools/bin/../lib/gcc/arm-none-eabi/9.3.1/../../../../arm-none-eabi/lib/thumb/v6-m/nofp\libc_nano.a(lib_a-nano-reallocr.o)
                0x0000000008004010                _realloc_r
 .text._sbrk_r  0x000000000800405c       0x24 c:/st/stm32cubeide_1.7.0/stm32cubeide/plugins/com.st.stm32cube.ide.mcu.externaltools.gnu-tools-for-stm32.9-2020-q2-update.win32_2.0.0.202105311346/tools/bin/../lib/gcc/arm-none-eabi/9.3.1/../../../../arm-none-eabi/lib/thumb/v6-m/nofp\libc_nano.a(lib_a-sbrkr.o)
                0x000000000800405c                _sbrk_r
 .text.__malloc_lock
                0x0000000008004080       0x10 c:/st/stm32cubeide_1.7.0/stm32cubeide/plugins/com.st.stm32cube.ide.mcu.externaltools.gnu-tools-for-stm32.9-2020-q2-update.win32_2.0.0.202105311346/tools/bin/../lib/gcc/arm-none-eabi/9.3.1/../../../../arm-none-eabi/lib/thumb/v6-m/nofp\libc_nano.a(lib_a-mlock.o)
                0x0000000008004080                __malloc_lock
 .text.__malloc_unlock
                0x0000000008004090       0x10 c:/st/stm32cubeide_1.7.0/stm32cubeide/plugins/com.st.stm32cube.ide.mcu.externaltools.gnu-tools-for-stm32.9-2020-q2-update.win32_2.0.0.202105311346/tools/bin/../lib/gcc/arm-none-eabi/9.3.1/../../../../arm-none-eabi/lib/thumb/v6-m/nofp\libc_nano.a(lib_a-mlock.o)
                0x0000000008004090                __malloc_unlock
 .text._malloc_usable_size_r
                0x00000000080040a0       0x10 c:/st/stm32cubeide_1.7.0/stm32cubeide/plugins/com.st.stm32cube.ide.mcu.externaltools.gnu-tools-for-stm32.9-2020-q2-update.win32_2.0.0.202105311346/tools/bin/../lib/gcc/arm-none-eabi/9.3.1/../../../../arm-none-eabi/lib/thumb/v6-m/nofp\libc_nano.a(lib_a-nano-msizer.o)
                0x00000000080040a0                _malloc_usable_size_r
 .text.__retarget_lock_acquire_recursive
                0x00000000080040b0        0x2 c:/st/stm32cubeide_1.7.0/stm32cubeide/plugins/com.st.stm32cube.ide.mcu.externaltools.gnu-tools-for-stm32.9-2020-q2-update.win32_2.0.0.202105311346/tools/bin/../lib/gcc/arm-none-eabi/9.3.1/../../../../arm-none-eabi/lib/thumb/v6-m/nofp\libc_nano.a(lib_a-lock.o)
                0x00000000080040b0                __retarget_lock_acquire_recursive
 .text.__retarget_lock_release_recursive
                0x00000000080040b2        0x2 c:/st/stm32cubeide_1.7.0/stm32cubeide/plugins/com.st.stm32cube.ide.mcu.externaltools.gnu-tools-for-stm32.9-2020-q2-update.win32_2.0.0.202105311346/tools/bin/../lib/gcc/arm-none-eabi/9.3.1/../../../../arm-none-eabi/lib/thumb/v6-m/nofp\libc_nano.a(lib_a-lock.o)
                0x00000000080040b2                __retarget_lock_release_recursive
 *(.glue_7)
 .glue_7        0x00000000080040b4        0x0 linker stubs
 *(.glue_7t)
 .glue_7t       0x00000000080040b4        0x0 linker stubs
 *(.eh_frame)
 .eh_frame      0x00000000080040b4        0x0 c:/st/stm32cubeide_1.7.0/stm32cubeide/plugins/com.st.stm32cube.ide.mcu.externaltools.gnu-tools-for-stm32.9-2020-q2-update.win32_2.0.0.202105311346/tools/bin/../lib/gcc/arm-none-eabi/9.3.1/thumb/v6-m/nofp/crtbegin.o
 *(.init)
 .init          0x00000000080040b4        0x4 c:/st/stm32cubeide_1.7.0/stm32cubeide/plugins/com.st.stm32cube.ide.mcu.externaltools.gnu-tools-for-stm32.9-2020-q2-update.win32_2.0.0.202105311346/tools/bin/../lib/gcc/arm-none-eabi/9.3.1/thumb/v6-m/nofp/crti.o
                0x00000000080040b4                _init
 .init          0x00000000080040b8        0x8 c:/st/stm32cubeide_1.7.0/stm32cubeide/plugins/com.st.stm32cube.ide.mcu.externaltools.gnu-tools-for-stm32.9-2020-q2-update.win32_2.0.0.202105311346/tools/bin/../lib/gcc/arm-none-eabi/9.3.1/thumb/v6-m/nofp/crtn.o
 *(.fini)
 .fini          0x00000000080040c0        0x4 c:/st/stm32cubeide_1.7.0/stm32cubeide/plugins/com.st.stm32cube.ide.mcu.externaltools.gnu-tools-for-stm32.9-2020-q2-update.win32_2.0.0.202105311346/tools/bin/../lib/gcc/arm-none-eabi/9.3.1/thumb/v6-m/nofp/crti.o
                0x00000000080040c0                _fini
 .fini          0x00000000080040c4        0x8 c:/st/stm32cubeide_1.7.0/stm32cubeide/plugins/com.st.stm32cube.ide.mcu.externaltools.gnu-tools-for-stm32.9-2020-q2-update.win32_2.0.0.202105311346/tools/bin/../lib/gcc/arm-none-eabi/9.3.1/thumb/v6-m/nofp/crtn.o
                0x00000000080040cc                . = ALIGN (0x4)
                0x00000000080040cc                _etext = .

.vfp11_veneer   0x00000000080040cc        0x0
 .vfp11_veneer  0x00000000080040cc        0x0 linker stubs

.v4_bx          0x00000000080040cc        0x0
 .v4_bx         0x00000000080040cc        0x0 linker stubs

.iplt           0x00000000080040cc        0x0
 .iplt          0x00000000080040cc        0x0 c:/st/stm32cubeide_1.7.0/stm32cubeide/plugins/com.st.stm32cube.ide.mcu.externaltools.gnu-tools-for-stm32.9-2020-q2-update.win32_2.0.0.202105311346/tools/bin/../lib/gcc/arm-none-eabi/9.3.1/thumb/v6-m/nofp/crtbegin.o

.rodata         0x00000000080040cc       0xb4
                0x00000000080040cc                . = ALIGN (0x4)
 *(.rodata)
 .rodata        0x00000000080040cc        0x5 ./Core/Src/main.o
 *(.rodata*)
 *fill*         0x00000000080040d1        0x3 
 .rodata.AHBPrescTable
                0x00000000080040d4       0x40 ./Core/Src/system_stm32g0xx.o
                0x00000000080040d4                AHBPrescTable
 .rodata.APBPrescTable
                0x0000000008004114       0x20 ./Core/Src/system_stm32g0xx.o
                0x0000000008004114                APBPrescTable
 .rodata.UARTPrescTable
                0x0000000008004134       0x18 ./Drivers/STM32G0xx_HAL_Driver/Src/stm32g0xx_hal_uart.o
                0x0000000008004134                UARTPrescTable
 .rodata._svfprintf_r.str1.1
                0x000000000800414c       0x11 c:/st/stm32cubeide_1.7.0/stm32cubeide/plugins/com.st.stm32cube.ide.mcu.externaltools.gnu-tools-for-stm32.9-2020-q2-update.win32_2.0.0.202105311346/tools/bin/../lib/gcc/arm-none-eabi/9.3.1/../../../../arm-none-eabi/lib/thumb/v6-m/nofp\libc_nano.a(lib_a-nano-svfprintf.o)
 .rodata._printf_i.str1.1
                0x000000000800415d       0x22 c:/st/stm32cubeide_1.7.0/stm32cubeide/plugins/com.st.stm32cube.ide.mcu.externaltools.gnu-tools-for-stm32.9-2020-q2-update.win32_2.0.0.202105311346/tools/bin/../lib/gcc/arm-none-eabi/9.3.1/../../../../arm-none-eabi/lib/thumb/v6-m/nofp\libc_nano.a(lib_a-nano-vfprintf_i.o)
                0x0000000008004180                . = ALIGN (0x4)
 *fill*         0x000000000800417f        0x1 

.ARM.extab      0x0000000008004180        0x0
                0x0000000008004180                . = ALIGN (0x4)
 *(.ARM.extab* .gnu.linkonce.armextab.*)
                0x0000000008004180                . = ALIGN (0x4)

.ARM            0x0000000008004180        0x8
                0x0000000008004180                . = ALIGN (0x4)
                0x0000000008004180                __exidx_start = .
 *(.ARM.exidx*)
 .ARM.exidx     0x0000000008004180        0x8 c:/st/stm32cubeide_1.7.0/stm32cubeide/plugins/com.st.stm32cube.ide.mcu.externaltools.gnu-tools-for-stm32.9-2020-q2-update.win32_2.0.0.202105311346/tools/bin/../lib/gcc/arm-none-eabi/9.3.1/thumb/v6-m/nofp\libgcc.a(_udivmoddi4.o)
                0x0000000008004188                __exidx_end = .
                0x0000000008004188                . = ALIGN (0x4)

.rel.dyn        0x0000000008004188        0x0
 .rel.iplt      0x0000000008004188        0x0 c:/st/stm32cubeide_1.7.0/stm32cubeide/plugins/com.st.stm32cube.ide.mcu.externaltools.gnu-tools-for-stm32.9-2020-q2-update.win32_2.0.0.202105311346/tools/bin/../lib/gcc/arm-none-eabi/9.3.1/thumb/v6-m/nofp/crtbegin.o

.preinit_array  0x0000000008004188        0x0
                0x0000000008004188                . = ALIGN (0x4)
                0x0000000008004188                PROVIDE (__preinit_array_start = .)
 *(.preinit_array*)
                0x0000000008004188                PROVIDE (__preinit_array_end = .)
                0x0000000008004188                . = ALIGN (0x4)

.init_array     0x0000000008004188        0x4
                0x0000000008004188                . = ALIGN (0x4)
                0x0000000008004188                PROVIDE (__init_array_start = .)
 *(SORT_BY_NAME(.init_array.*))
 *(.init_array*)
 .init_array    0x0000000008004188        0x4 c:/st/stm32cubeide_1.7.0/stm32cubeide/plugins/com.st.stm32cube.ide.mcu.externaltools.gnu-tools-for-stm32.9-2020-q2-update.win32_2.0.0.202105311346/tools/bin/../lib/gcc/arm-none-eabi/9.3.1/thumb/v6-m/nofp/crtbegin.o
                0x000000000800418c                PROVIDE (__init_array_end = .)
                0x000000000800418c                . = ALIGN (0x4)

.fini_array     0x000000000800418c        0x4
                0x000000000800418c                . = ALIGN (0x4)
                [!provide]                        PROVIDE (__fini_array_start = .)
 *(SORT_BY_NAME(.fini_array.*))
 *(.fini_array*)
 .fini_array    0x000000000800418c        0x4 c:/st/stm32cubeide_1.7.0/stm32cubeide/plugins/com.st.stm32cube.ide.mcu.externaltools.gnu-tools-for-stm32.9-2020-q2-update.win32_2.0.0.202105311346/tools/bin/../lib/gcc/arm-none-eabi/9.3.1/thumb/v6-m/nofp/crtbegin.o
                [!provide]                        PROVIDE (__fini_array_end = .)
                0x0000000008004190                . = ALIGN (0x4)
                0x0000000008004190                _sidata = LOADADDR (.data)

.data           0x0000000020000000       0x74 load address 0x0000000008004190
                0x0000000020000000                . = ALIGN (0x4)
                0x0000000020000000                _sdata = .
 *(.data)
 *(.data*)
 .data.uart_rx_buff
                0x0000000020000000        0x3 ./Core/Src/main.o
                0x0000000020000000                uart_rx_buff
 *fill*         0x0000000020000003        0x1 
 .data.SystemCoreClock
                0x0000000020000004        0x4 ./Core/Src/system_stm32g0xx.o
                0x0000000020000004                SystemCoreClock
 .data.uwTickPrio
                0x0000000020000008        0x4 ./Drivers/STM32G0xx_HAL_Driver/Src/stm32g0xx_hal.o
                0x0000000020000008                uwTickPrio
 .data.uwTickFreq
                0x000000002000000c        0x1 ./Drivers/STM32G0xx_HAL_Driver/Src/stm32g0xx_hal.o
                0x000000002000000c                uwTickFreq
 *fill*         0x000000002000000d        0x3 
 .data._impure_ptr
                0x0000000020000010        0x4 c:/st/stm32cubeide_1.7.0/stm32cubeide/plugins/com.st.stm32cube.ide.mcu.externaltools.gnu-tools-for-stm32.9-2020-q2-update.win32_2.0.0.202105311346/tools/bin/../lib/gcc/arm-none-eabi/9.3.1/../../../../arm-none-eabi/lib/thumb/v6-m/nofp\libc_nano.a(lib_a-impure.o)
                0x0000000020000010                _impure_ptr
 .data.impure_data
                0x0000000020000014       0x60 c:/st/stm32cubeide_1.7.0/stm32cubeide/plugins/com.st.stm32cube.ide.mcu.externaltools.gnu-tools-for-stm32.9-2020-q2-update.win32_2.0.0.202105311346/tools/bin/../lib/gcc/arm-none-eabi/9.3.1/../../../../arm-none-eabi/lib/thumb/v6-m/nofp\libc_nano.a(lib_a-impure.o)
 *(.RamFunc)
 *(.RamFunc*)
                0x0000000020000074                . = ALIGN (0x4)
                0x0000000020000074                _edata = .

.igot.plt       0x0000000020000074        0x0 load address 0x0000000008004204
 .igot.plt      0x0000000020000074        0x0 c:/st/stm32cubeide_1.7.0/stm32cubeide/plugins/com.st.stm32cube.ide.mcu.externaltools.gnu-tools-for-stm32.9-2020-q2-update.win32_2.0.0.202105311346/tools/bin/../lib/gcc/arm-none-eabi/9.3.1/thumb/v6-m/nofp/crtbegin.o
                0x0000000020000074                . = ALIGN (0x4)

.bss            0x0000000020000074       0xd8 load address 0x0000000008004204
                0x0000000020000074                _sbss = .
                0x0000000020000074                __bss_start__ = _sbss
 *(.bss)
 .bss           0x0000000020000074       0x1c c:/st/stm32cubeide_1.7.0/stm32cubeide/plugins/com.st.stm32cube.ide.mcu.externaltools.gnu-tools-for-stm32.9-2020-q2-update.win32_2.0.0.202105311346/tools/bin/../lib/gcc/arm-none-eabi/9.3.1/thumb/v6-m/nofp/crtbegin.o
 *(.bss*)
 .bss.__sbrk_heap_end
                0x0000000020000090        0x4 ./Core/Src/sysmem.o
 .bss.__malloc_free_list
                0x0000000020000094        0x4 c:/st/stm32cubeide_1.7.0/stm32cubeide/plugins/com.st.stm32cube.ide.mcu.externaltools.gnu-tools-for-stm32.9-2020-q2-update.win32_2.0.0.202105311346/tools/bin/../lib/gcc/arm-none-eabi/9.3.1/../../../../arm-none-eabi/lib/thumb/v6-m/nofp\libc_nano.a(lib_a-nano-mallocr.o)
                0x0000000020000094                __malloc_free_list
 .bss.__malloc_sbrk_start
                0x0000000020000098        0x4 c:/st/stm32cubeide_1.7.0/stm32cubeide/plugins/com.st.stm32cube.ide.mcu.externaltools.gnu-tools-for-stm32.9-2020-q2-update.win32_2.0.0.202105311346/tools/bin/../lib/gcc/arm-none-eabi/9.3.1/../../../../arm-none-eabi/lib/thumb/v6-m/nofp\libc_nano.a(lib_a-nano-mallocr.o)
                0x0000000020000098                __malloc_sbrk_start
 *(COMMON)
 COMMON         0x000000002000009c       0x9c ./Core/Src/main.o
                0x000000002000009c                uart_tx_buff
                0x00000000200000a4                s
                0x00000000200000a8                huart2
 COMMON         0x0000000020000138        0x4 ./Drivers/STM32G0xx_HAL_Driver/Src/stm32g0xx_hal.o
                0x0000000020000138                uwTick
 COMMON         0x000000002000013c        0x4 c:/st/stm32cubeide_1.7.0/stm32cubeide/plugins/com.st.stm32cube.ide.mcu.externaltools.gnu-tools-for-stm32.9-2020-q2-update.win32_2.0.0.202105311346/tools/bin/../lib/gcc/arm-none-eabi/9.3.1/../../../../arm-none-eabi/lib/thumb/v6-m/nofp\libc_nano.a(lib_a-reent.o)
                0x000000002000013c                errno
 COMMON         0x0000000020000140        0x9 c:/st/stm32cubeide_1.7.0/stm32cubeide/plugins/com.st.stm32cube.ide.mcu.externaltools.gnu-tools-for-stm32.9-2020-q2-update.win32_2.0.0.202105311346/tools/bin/../lib/gcc/arm-none-eabi/9.3.1/../../../../arm-none-eabi/lib/thumb/v6-m/nofp\libc_nano.a(lib_a-lock.o)
                0x0000000020000140                __lock___atexit_recursive_mutex
                0x0000000020000141                __lock___arc4random_mutex
                0x0000000020000142                __lock___env_recursive_mutex
                0x0000000020000143                __lock___sinit_recursive_mutex
                0x0000000020000144                __lock___malloc_recursive_mutex
                0x0000000020000145                __lock___at_quick_exit_mutex
                0x0000000020000146                __lock___dd_hash_mutex
                0x0000000020000147                __lock___tz_mutex
                0x0000000020000148                __lock___sfp_recursive_mutex
                0x000000002000014c                . = ALIGN (0x4)
 *fill*         0x0000000020000149        0x3 
                0x000000002000014c                _ebss = .
                0x000000002000014c                __bss_end__ = _ebss

._user_heap_stack
                0x000000002000014c      0x604 load address 0x0000000008004204
                0x0000000020000150                . = ALIGN (0x8)
 *fill*         0x000000002000014c        0x4 
                [!provide]                        PROVIDE (end = .)
                0x0000000020000150                PROVIDE (_end = .)
                0x0000000020000350                . = (. + _Min_Heap_Size)
 *fill*         0x0000000020000150      0x200 
                0x0000000020000750                . = (. + _Min_Stack_Size)
 *fill*         0x0000000020000350      0x400 
                0x0000000020000750                . = ALIGN (0x8)

/DISCARD/
 libc.a(*)
 libm.a(*)
 libgcc.a(*)

.ARM.attributes
                0x0000000000000000       0x28
 *(.ARM.attributes)
 .ARM.attributes
                0x0000000000000000       0x1e c:/st/stm32cubeide_1.7.0/stm32cubeide/plugins/com.st.stm32cube.ide.mcu.externaltools.gnu-tools-for-stm32.9-2020-q2-update.win32_2.0.0.202105311346/tools/bin/../lib/gcc/arm-none-eabi/9.3.1/thumb/v6-m/nofp/crti.o
 .ARM.attributes
                0x000000000000001e       0x2c c:/st/stm32cubeide_1.7.0/stm32cubeide/plugins/com.st.stm32cube.ide.mcu.externaltools.gnu-tools-for-stm32.9-2020-q2-update.win32_2.0.0.202105311346/tools/bin/../lib/gcc/arm-none-eabi/9.3.1/thumb/v6-m/nofp/crtbegin.o
 .ARM.attributes
                0x000000000000004a       0x2c ./Core/Src/main.o
 .ARM.attributes
                0x0000000000000076       0x2c ./Core/Src/stm32g0xx_hal_msp.o
 .ARM.attributes
                0x00000000000000a2       0x2c ./Core/Src/stm32g0xx_it.o
 .ARM.attributes
                0x00000000000000ce       0x2c ./Core/Src/sysmem.o
 .ARM.attributes
                0x00000000000000fa       0x2c ./Core/Src/system_stm32g0xx.o
 .ARM.attributes
                0x0000000000000126       0x22 ./Core/Startup/startup_stm32g031k8tx.o
 .ARM.attributes
                0x0000000000000148       0x2c ./Drivers/STM32G0xx_HAL_Driver/Src/stm32g0xx_hal.o
 .ARM.attributes
                0x0000000000000174       0x2c ./Drivers/STM32G0xx_HAL_Driver/Src/stm32g0xx_hal_cortex.o
 .ARM.attributes
                0x00000000000001a0       0x2c ./Drivers/STM32G0xx_HAL_Driver/Src/stm32g0xx_hal_dma.o
 .ARM.attributes
                0x00000000000001cc       0x2c ./Drivers/STM32G0xx_HAL_Driver/Src/stm32g0xx_hal_gpio.o
 .ARM.attributes
                0x00000000000001f8       0x2c ./Drivers/STM32G0xx_HAL_Driver/Src/stm32g0xx_hal_pwr_ex.o
 .ARM.attributes
                0x0000000000000224       0x2c ./Drivers/STM32G0xx_HAL_Driver/Src/stm32g0xx_hal_rcc.o
 .ARM.attributes
                0x0000000000000250       0x2c ./Drivers/STM32G0xx_HAL_Driver/Src/stm32g0xx_hal_uart.o
 .ARM.attributes
                0x000000000000027c       0x2c ./Drivers/STM32G0xx_HAL_Driver/Src/stm32g0xx_hal_uart_ex.o
 .ARM.attributes
                0x00000000000002a8       0x2c c:/st/stm32cubeide_1.7.0/stm32cubeide/plugins/com.st.stm32cube.ide.mcu.externaltools.gnu-tools-for-stm32.9-2020-q2-update.win32_2.0.0.202105311346/tools/bin/../lib/gcc/arm-none-eabi/9.3.1/../../../../arm-none-eabi/lib/thumb/v6-m/nofp\libc_nano.a(lib_a-errno.o)
 .ARM.attributes
                0x00000000000002d4       0x2c c:/st/stm32cubeide_1.7.0/stm32cubeide/plugins/com.st.stm32cube.ide.mcu.externaltools.gnu-tools-for-stm32.9-2020-q2-update.win32_2.0.0.202105311346/tools/bin/../lib/gcc/arm-none-eabi/9.3.1/../../../../arm-none-eabi/lib/thumb/v6-m/nofp\libc_nano.a(lib_a-impure.o)
 .ARM.attributes
                0x0000000000000300       0x2c c:/st/stm32cubeide_1.7.0/stm32cubeide/plugins/com.st.stm32cube.ide.mcu.externaltools.gnu-tools-for-stm32.9-2020-q2-update.win32_2.0.0.202105311346/tools/bin/../lib/gcc/arm-none-eabi/9.3.1/../../../../arm-none-eabi/lib/thumb/v6-m/nofp\libc_nano.a(lib_a-init.o)
 .ARM.attributes
                0x000000000000032c       0x2c c:/st/stm32cubeide_1.7.0/stm32cubeide/plugins/com.st.stm32cube.ide.mcu.externaltools.gnu-tools-for-stm32.9-2020-q2-update.win32_2.0.0.202105311346/tools/bin/../lib/gcc/arm-none-eabi/9.3.1/../../../../arm-none-eabi/lib/thumb/v6-m/nofp\libc_nano.a(lib_a-memset.o)
 .ARM.attributes
                0x0000000000000358       0x2c c:/st/stm32cubeide_1.7.0/stm32cubeide/plugins/com.st.stm32cube.ide.mcu.externaltools.gnu-tools-for-stm32.9-2020-q2-update.win32_2.0.0.202105311346/tools/bin/../lib/gcc/arm-none-eabi/9.3.1/../../../../arm-none-eabi/lib/thumb/v6-m/nofp\libc_nano.a(lib_a-sprintf.o)
 .ARM.attributes
                0x0000000000000384       0x1c c:/st/stm32cubeide_1.7.0/stm32cubeide/plugins/com.st.stm32cube.ide.mcu.externaltools.gnu-tools-for-stm32.9-2020-q2-update.win32_2.0.0.202105311346/tools/bin/../lib/gcc/arm-none-eabi/9.3.1/../../../../arm-none-eabi/lib/thumb/v6-m/nofp\libc_nano.a(lib_a-strlen.o)
 .ARM.attributes
                0x00000000000003a0       0x2c c:/st/stm32cubeide_1.7.0/stm32cubeide/plugins/com.st.stm32cube.ide.mcu.externaltools.gnu-tools-for-stm32.9-2020-q2-update.win32_2.0.0.202105311346/tools/bin/../lib/gcc/arm-none-eabi/9.3.1/../../../../arm-none-eabi/lib/thumb/v6-m/nofp\libc_nano.a(lib_a-nano-svfprintf.o)
 .ARM.attributes
                0x00000000000003cc       0x2c c:/st/stm32cubeide_1.7.0/stm32cubeide/plugins/com.st.stm32cube.ide.mcu.externaltools.gnu-tools-for-stm32.9-2020-q2-update.win32_2.0.0.202105311346/tools/bin/../lib/gcc/arm-none-eabi/9.3.1/../../../../arm-none-eabi/lib/thumb/v6-m/nofp\libc_nano.a(lib_a-nano-vfprintf_i.o)
 .ARM.attributes
                0x00000000000003f8       0x2c c:/st/stm32cubeide_1.7.0/stm32cubeide/plugins/com.st.stm32cube.ide.mcu.externaltools.gnu-tools-for-stm32.9-2020-q2-update.win32_2.0.0.202105311346/tools/bin/../lib/gcc/arm-none-eabi/9.3.1/../../../../arm-none-eabi/lib/thumb/v6-m/nofp\libc_nano.a(lib_a-memchr-stub.o)
 .ARM.attributes
                0x0000000000000424       0x2c c:/st/stm32cubeide_1.7.0/stm32cubeide/plugins/com.st.stm32cube.ide.mcu.externaltools.gnu-tools-for-stm32.9-2020-q2-update.win32_2.0.0.202105311346/tools/bin/../lib/gcc/arm-none-eabi/9.3.1/../../../../arm-none-eabi/lib/thumb/v6-m/nofp\libc_nano.a(lib_a-memcpy-stub.o)
 .ARM.attributes
                0x0000000000000450       0x2c c:/st/stm32cubeide_1.7.0/stm32cubeide/plugins/com.st.stm32cube.ide.mcu.externaltools.gnu-tools-for-stm32.9-2020-q2-update.win32_2.0.0.202105311346/tools/bin/../lib/gcc/arm-none-eabi/9.3.1/../../../../arm-none-eabi/lib/thumb/v6-m/nofp\libc_nano.a(lib_a-memmove.o)
 .ARM.attributes
                0x000000000000047c       0x2c c:/st/stm32cubeide_1.7.0/stm32cubeide/plugins/com.st.stm32cube.ide.mcu.externaltools.gnu-tools-for-stm32.9-2020-q2-update.win32_2.0.0.202105311346/tools/bin/../lib/gcc/arm-none-eabi/9.3.1/../../../../arm-none-eabi/lib/thumb/v6-m/nofp\libc_nano.a(lib_a-nano-freer.o)
 .ARM.attributes
                0x00000000000004a8       0x2c c:/st/stm32cubeide_1.7.0/stm32cubeide/plugins/com.st.stm32cube.ide.mcu.externaltools.gnu-tools-for-stm32.9-2020-q2-update.win32_2.0.0.202105311346/tools/bin/../lib/gcc/arm-none-eabi/9.3.1/../../../../arm-none-eabi/lib/thumb/v6-m/nofp\libc_nano.a(lib_a-nano-mallocr.o)
 .ARM.attributes
                0x00000000000004d4       0x2c c:/st/stm32cubeide_1.7.0/stm32cubeide/plugins/com.st.stm32cube.ide.mcu.externaltools.gnu-tools-for-stm32.9-2020-q2-update.win32_2.0.0.202105311346/tools/bin/../lib/gcc/arm-none-eabi/9.3.1/../../../../arm-none-eabi/lib/thumb/v6-m/nofp\libc_nano.a(lib_a-nano-reallocr.o)
 .ARM.attributes
                0x0000000000000500       0x2c c:/st/stm32cubeide_1.7.0/stm32cubeide/plugins/com.st.stm32cube.ide.mcu.externaltools.gnu-tools-for-stm32.9-2020-q2-update.win32_2.0.0.202105311346/tools/bin/../lib/gcc/arm-none-eabi/9.3.1/../../../../arm-none-eabi/lib/thumb/v6-m/nofp\libc_nano.a(lib_a-sbrkr.o)
 .ARM.attributes
                0x000000000000052c       0x2c c:/st/stm32cubeide_1.7.0/stm32cubeide/plugins/com.st.stm32cube.ide.mcu.externaltools.gnu-tools-for-stm32.9-2020-q2-update.win32_2.0.0.202105311346/tools/bin/../lib/gcc/arm-none-eabi/9.3.1/../../../../arm-none-eabi/lib/thumb/v6-m/nofp\libc_nano.a(lib_a-mlock.o)
 .ARM.attributes
                0x0000000000000558       0x2c c:/st/stm32cubeide_1.7.0/stm32cubeide/plugins/com.st.stm32cube.ide.mcu.externaltools.gnu-tools-for-stm32.9-2020-q2-update.win32_2.0.0.202105311346/tools/bin/../lib/gcc/arm-none-eabi/9.3.1/../../../../arm-none-eabi/lib/thumb/v6-m/nofp\libc_nano.a(lib_a-nano-msizer.o)
 .ARM.attributes
                0x0000000000000584       0x2c c:/st/stm32cubeide_1.7.0/stm32cubeide/plugins/com.st.stm32cube.ide.mcu.externaltools.gnu-tools-for-stm32.9-2020-q2-update.win32_2.0.0.202105311346/tools/bin/../lib/gcc/arm-none-eabi/9.3.1/../../../../arm-none-eabi/lib/thumb/v6-m/nofp\libc_nano.a(lib_a-reent.o)
 .ARM.attributes
                0x00000000000005b0       0x2c c:/st/stm32cubeide_1.7.0/stm32cubeide/plugins/com.st.stm32cube.ide.mcu.externaltools.gnu-tools-for-stm32.9-2020-q2-update.win32_2.0.0.202105311346/tools/bin/../lib/gcc/arm-none-eabi/9.3.1/../../../../arm-none-eabi/lib/thumb/v6-m/nofp\libc_nano.a(lib_a-lock.o)
 .ARM.attributes
                0x00000000000005dc       0x1e c:/st/stm32cubeide_1.7.0/stm32cubeide/plugins/com.st.stm32cube.ide.mcu.externaltools.gnu-tools-for-stm32.9-2020-q2-update.win32_2.0.0.202105311346/tools/bin/../lib/gcc/arm-none-eabi/9.3.1/thumb/v6-m/nofp\libgcc.a(_thumb1_case_shi.o)
 .ARM.attributes
                0x00000000000005fa       0x1e c:/st/stm32cubeide_1.7.0/stm32cubeide/plugins/com.st.stm32cube.ide.mcu.externaltools.gnu-tools-for-stm32.9-2020-q2-update.win32_2.0.0.202105311346/tools/bin/../lib/gcc/arm-none-eabi/9.3.1/thumb/v6-m/nofp\libgcc.a(_udivsi3.o)
 .ARM.attributes
                0x0000000000000618       0x1e c:/st/stm32cubeide_1.7.0/stm32cubeide/plugins/com.st.stm32cube.ide.mcu.externaltools.gnu-tools-for-stm32.9-2020-q2-update.win32_2.0.0.202105311346/tools/bin/../lib/gcc/arm-none-eabi/9.3.1/thumb/v6-m/nofp\libgcc.a(_dvmd_tls.o)
 .ARM.attributes
                0x0000000000000636       0x1e c:/st/stm32cubeide_1.7.0/stm32cubeide/plugins/com.st.stm32cube.ide.mcu.externaltools.gnu-tools-for-stm32.9-2020-q2-update.win32_2.0.0.202105311346/tools/bin/../lib/gcc/arm-none-eabi/9.3.1/thumb/v6-m/nofp\libgcc.a(_aeabi_uldivmod.o)
 .ARM.attributes
                0x0000000000000654       0x2c c:/st/stm32cubeide_1.7.0/stm32cubeide/plugins/com.st.stm32cube.ide.mcu.externaltools.gnu-tools-for-stm32.9-2020-q2-update.win32_2.0.0.202105311346/tools/bin/../lib/gcc/arm-none-eabi/9.3.1/thumb/v6-m/nofp\libgcc.a(_udivmoddi4.o)
 .ARM.attributes
                0x0000000000000680       0x1e c:/st/stm32cubeide_1.7.0/stm32cubeide/plugins/com.st.stm32cube.ide.mcu.externaltools.gnu-tools-for-stm32.9-2020-q2-update.win32_2.0.0.202105311346/tools/bin/../lib/gcc/arm-none-eabi/9.3.1/thumb/v6-m/nofp\libgcc.a(_clzdi2.o)
 .ARM.attributes
                0x000000000000069e       0x1e c:/st/stm32cubeide_1.7.0/stm32cubeide/plugins/com.st.stm32cube.ide.mcu.externaltools.gnu-tools-for-stm32.9-2020-q2-update.win32_2.0.0.202105311346/tools/bin/../lib/gcc/arm-none-eabi/9.3.1/thumb/v6-m/nofp\libgcc.a(_clzsi2.o)
 .ARM.attributes
                0x00000000000006bc       0x1e c:/st/stm32cubeide_1.7.0/stm32cubeide/plugins/com.st.stm32cube.ide.mcu.externaltools.gnu-tools-for-stm32.9-2020-q2-update.win32_2.0.0.202105311346/tools/bin/../lib/gcc/arm-none-eabi/9.3.1/thumb/v6-m/nofp/crtn.o
OUTPUT(Test002.elf elf32-littlearm)
LOAD linker stubs
LOAD c:/st/stm32cubeide_1.7.0/stm32cubeide/plugins/com.st.stm32cube.ide.mcu.externaltools.gnu-tools-for-stm32.9-2020-q2-update.win32_2.0.0.202105311346/tools/bin/../lib/gcc/arm-none-eabi/9.3.1/../../../../arm-none-eabi/lib/thumb/v6-m/nofp\libc.a
LOAD c:/st/stm32cubeide_1.7.0/stm32cubeide/plugins/com.st.stm32cube.ide.mcu.externaltools.gnu-tools-for-stm32.9-2020-q2-update.win32_2.0.0.202105311346/tools/bin/../lib/gcc/arm-none-eabi/9.3.1/../../../../arm-none-eabi/lib/thumb/v6-m/nofp\libm.a
LOAD c:/st/stm32cubeide_1.7.0/stm32cubeide/plugins/com.st.stm32cube.ide.mcu.externaltools.gnu-tools-for-stm32.9-2020-q2-update.win32_2.0.0.202105311346/tools/bin/../lib/gcc/arm-none-eabi/9.3.1/thumb/v6-m/nofp\libgcc.a

.debug_info     0x0000000000000000     0xd151
 .debug_info    0x0000000000000000     0x15a7 ./Core/Src/main.o
 .debug_info    0x00000000000015a7      0xce4 ./Core/Src/stm32g0xx_hal_msp.o
 .debug_info    0x000000000000228b      0x922 ./Core/Src/stm32g0xx_it.o
 .debug_info    0x0000000000002bad      0xa25 ./Core/Src/sysmem.o
 .debug_info    0x00000000000035d2      0x48b ./Core/Src/system_stm32g0xx.o
 .debug_info    0x0000000000003a5d       0x22 ./Core/Startup/startup_stm32g031k8tx.o
 .debug_info    0x0000000000003a7f      0xb7b ./Drivers/STM32G0xx_HAL_Driver/Src/stm32g0xx_hal.o
 .debug_info    0x00000000000045fa      0xa8c ./Drivers/STM32G0xx_HAL_Driver/Src/stm32g0xx_hal_cortex.o
 .debug_info    0x0000000000005086      0xa25 ./Drivers/STM32G0xx_HAL_Driver/Src/stm32g0xx_hal_dma.o
 .debug_info    0x0000000000005aab      0x750 ./Drivers/STM32G0xx_HAL_Driver/Src/stm32g0xx_hal_gpio.o
 .debug_info    0x00000000000061fb      0x93e ./Drivers/STM32G0xx_HAL_Driver/Src/stm32g0xx_hal_pwr_ex.o
 .debug_info    0x0000000000006b39      0xc2f ./Drivers/STM32G0xx_HAL_Driver/Src/stm32g0xx_hal_rcc.o
 .debug_info    0x0000000000007768     0x4993 ./Drivers/STM32G0xx_HAL_Driver/Src/stm32g0xx_hal_uart.o
 .debug_info    0x000000000000c0fb     0x1056 ./Drivers/STM32G0xx_HAL_Driver/Src/stm32g0xx_hal_uart_ex.o

.debug_abbrev   0x0000000000000000     0x1c57
 .debug_abbrev  0x0000000000000000      0x2a5 ./Core/Src/main.o
 .debug_abbrev  0x00000000000002a5      0x1b5 ./Core/Src/stm32g0xx_hal_msp.o
 .debug_abbrev  0x000000000000045a      0x185 ./Core/Src/stm32g0xx_it.o
 .debug_abbrev  0x00000000000005df      0x1bf ./Core/Src/sysmem.o
 .debug_abbrev  0x000000000000079e      0x165 ./Core/Src/system_stm32g0xx.o
 .debug_abbrev  0x0000000000000903       0x12 ./Core/Startup/startup_stm32g031k8tx.o
 .debug_abbrev  0x0000000000000915      0x276 ./Drivers/STM32G0xx_HAL_Driver/Src/stm32g0xx_hal.o
 .debug_abbrev  0x0000000000000b8b      0x2c5 ./Drivers/STM32G0xx_HAL_Driver/Src/stm32g0xx_hal_cortex.o
 .debug_abbrev  0x0000000000000e50      0x1ec ./Drivers/STM32G0xx_HAL_Driver/Src/stm32g0xx_hal_dma.o
 .debug_abbrev  0x000000000000103c      0x1df ./Drivers/STM32G0xx_HAL_Driver/Src/stm32g0xx_hal_gpio.o
 .debug_abbrev  0x000000000000121b      0x245 ./Drivers/STM32G0xx_HAL_Driver/Src/stm32g0xx_hal_pwr_ex.o
 .debug_abbrev  0x0000000000001460      0x25b ./Drivers/STM32G0xx_HAL_Driver/Src/stm32g0xx_hal_rcc.o
 .debug_abbrev  0x00000000000016bb      0x2e2 ./Drivers/STM32G0xx_HAL_Driver/Src/stm32g0xx_hal_uart.o
 .debug_abbrev  0x000000000000199d      0x2ba ./Drivers/STM32G0xx_HAL_Driver/Src/stm32g0xx_hal_uart_ex.o

.debug_aranges  0x0000000000000000      0x8a0
 .debug_aranges
                0x0000000000000000       0x50 ./Core/Src/main.o
 .debug_aranges
                0x0000000000000050       0x30 ./Core/Src/stm32g0xx_hal_msp.o
 .debug_aranges
                0x0000000000000080       0x48 ./Core/Src/stm32g0xx_it.o
 .debug_aranges
                0x00000000000000c8       0x20 ./Core/Src/sysmem.o
 .debug_aranges
                0x00000000000000e8       0x28 ./Core/Src/system_stm32g0xx.o
 .debug_aranges
                0x0000000000000110       0x28 ./Core/Startup/startup_stm32g031k8tx.o
 .debug_aranges
                0x0000000000000138      0x128 ./Drivers/STM32G0xx_HAL_Driver/Src/stm32g0xx_hal.o
 .debug_aranges
                0x0000000000000260       0xd8 ./Drivers/STM32G0xx_HAL_Driver/Src/stm32g0xx_hal_cortex.o
 .debug_aranges
                0x0000000000000338       0x90 ./Drivers/STM32G0xx_HAL_Driver/Src/stm32g0xx_hal_dma.o
 .debug_aranges
                0x00000000000003c8       0x60 ./Drivers/STM32G0xx_HAL_Driver/Src/stm32g0xx_hal_gpio.o
 .debug_aranges
                0x0000000000000428       0xf0 ./Drivers/STM32G0xx_HAL_Driver/Src/stm32g0xx_hal_pwr_ex.o
 .debug_aranges
                0x0000000000000518       0xa0 ./Drivers/STM32G0xx_HAL_Driver/Src/stm32g0xx_hal_rcc.o
 .debug_aranges
                0x00000000000005b8      0x248 ./Drivers/STM32G0xx_HAL_Driver/Src/stm32g0xx_hal_uart.o
 .debug_aranges
                0x0000000000000800       0xa0 ./Drivers/STM32G0xx_HAL_Driver/Src/stm32g0xx_hal_uart_ex.o

.debug_ranges   0x0000000000000000      0x7f8
 .debug_ranges  0x0000000000000000       0x40 ./Core/Src/main.o
 .debug_ranges  0x0000000000000040       0x20 ./Core/Src/stm32g0xx_hal_msp.o
 .debug_ranges  0x0000000000000060       0x38 ./Core/Src/stm32g0xx_it.o
 .debug_ranges  0x0000000000000098       0x10 ./Core/Src/sysmem.o
 .debug_ranges  0x00000000000000a8       0x18 ./Core/Src/system_stm32g0xx.o
 .debug_ranges  0x00000000000000c0       0x20 ./Core/Startup/startup_stm32g031k8tx.o
 .debug_ranges  0x00000000000000e0      0x118 ./Drivers/STM32G0xx_HAL_Driver/Src/stm32g0xx_hal.o
 .debug_ranges  0x00000000000001f8       0xc8 ./Drivers/STM32G0xx_HAL_Driver/Src/stm32g0xx_hal_cortex.o
 .debug_ranges  0x00000000000002c0       0x80 ./Drivers/STM32G0xx_HAL_Driver/Src/stm32g0xx_hal_dma.o
 .debug_ranges  0x0000000000000340       0x50 ./Drivers/STM32G0xx_HAL_Driver/Src/stm32g0xx_hal_gpio.o
 .debug_ranges  0x0000000000000390       0xe0 ./Drivers/STM32G0xx_HAL_Driver/Src/stm32g0xx_hal_pwr_ex.o
 .debug_ranges  0x0000000000000470       0x90 ./Drivers/STM32G0xx_HAL_Driver/Src/stm32g0xx_hal_rcc.o
 .debug_ranges  0x0000000000000500      0x268 ./Drivers/STM32G0xx_HAL_Driver/Src/stm32g0xx_hal_uart.o
 .debug_ranges  0x0000000000000768       0x90 ./Drivers/STM32G0xx_HAL_Driver/Src/stm32g0xx_hal_uart_ex.o

.debug_macro    0x0000000000000000    0x15946
 .debug_macro   0x0000000000000000      0x364 ./Core/Src/main.o
 .debug_macro   0x0000000000000364      0xa7e ./Core/Src/main.o
 .debug_macro   0x0000000000000de2      0x117 ./Core/Src/main.o
 .debug_macro   0x0000000000000ef9       0x2e ./Core/Src/main.o
 .debug_macro   0x0000000000000f27       0x28 ./Core/Src/main.o
 .debug_macro   0x0000000000000f4f       0x22 ./Core/Src/main.o
 .debug_macro   0x0000000000000f71       0x8e ./Core/Src/main.o
 .debug_macro   0x0000000000000fff       0x51 ./Core/Src/main.o
 .debug_macro   0x0000000000001050      0x103 ./Core/Src/main.o
 .debug_macro   0x0000000000001153       0x6a ./Core/Src/main.o
 .debug_macro   0x00000000000011bd      0x1df ./Core/Src/main.o
 .debug_macro   0x000000000000139c       0x1c ./Core/Src/main.o
 .debug_macro   0x00000000000013b8       0x22 ./Core/Src/main.o
 .debug_macro   0x00000000000013da       0xd7 ./Core/Src/main.o
 .debug_macro   0x00000000000014b1      0x4da ./Core/Src/main.o
 .debug_macro   0x000000000000198b      0x11f ./Core/Src/main.o
 .debug_macro   0x0000000000001aaa     0xa9cb ./Core/Src/main.o
 .debug_macro   0x000000000000c475       0x66 ./Core/Src/main.o
 .debug_macro   0x000000000000c4db     0x34e5 ./Core/Src/main.o
 .debug_macro   0x000000000000f9c0      0x174 ./Core/Src/main.o
 .debug_macro   0x000000000000fb34       0x5c ./Core/Src/main.o
 .debug_macro   0x000000000000fb90      0x53b ./Core/Src/main.o
 .debug_macro   0x00000000000100cb      0xf24 ./Core/Src/main.o
 .debug_macro   0x0000000000010fef      0x1d8 ./Core/Src/main.o
 .debug_macro   0x00000000000111c7      0x1d0 ./Core/Src/main.o
 .debug_macro   0x0000000000011397      0x122 ./Core/Src/main.o
 .debug_macro   0x00000000000114b9      0x390 ./Core/Src/main.o
 .debug_macro   0x0000000000011849      0x202 ./Core/Src/main.o
 .debug_macro   0x0000000000011a4b      0x2ff ./Core/Src/main.o
 .debug_macro   0x0000000000011d4a      0x1b2 ./Core/Src/main.o
 .debug_macro   0x0000000000011efc       0x43 ./Core/Src/main.o
 .debug_macro   0x0000000000011f3f      0x1f1 ./Core/Src/main.o
 .debug_macro   0x0000000000012130      0x1d7 ./Core/Src/main.o
 .debug_macro   0x0000000000012307      0x38a ./Core/Src/main.o
 .debug_macro   0x0000000000012691       0x28 ./Core/Src/main.o
 .debug_macro   0x00000000000126b9       0xe4 ./Core/Src/main.o
 .debug_macro   0x000000000001279d      0x10c ./Core/Src/main.o
 .debug_macro   0x00000000000128a9      0x240 ./Core/Src/main.o
 .debug_macro   0x0000000000012ae9      0x67e ./Core/Src/main.o
 .debug_macro   0x0000000000013167       0xa6 ./Core/Src/main.o
 .debug_macro   0x000000000001320d      0x49d ./Core/Src/main.o
 .debug_macro   0x00000000000136aa       0x52 ./Core/Src/main.o
 .debug_macro   0x00000000000136fc       0x18 ./Core/Src/main.o
 .debug_macro   0x0000000000013714       0x3c ./Core/Src/main.o
 .debug_macro   0x0000000000013750       0x34 ./Core/Src/main.o
 .debug_macro   0x0000000000013784       0x16 ./Core/Src/main.o
 .debug_macro   0x000000000001379a       0x43 ./Core/Src/main.o
 .debug_macro   0x00000000000137dd       0x34 ./Core/Src/main.o
 .debug_macro   0x0000000000013811       0x10 ./Core/Src/main.o
 .debug_macro   0x0000000000013821       0x58 ./Core/Src/main.o
 .debug_macro   0x0000000000013879       0x71 ./Core/Src/main.o
 .debug_macro   0x00000000000138ea       0x1c ./Core/Src/main.o
 .debug_macro   0x0000000000013906      0x12a ./Core/Src/main.o
 .debug_macro   0x0000000000013a30      0x333 ./Core/Src/main.o
 .debug_macro   0x0000000000013d63       0x10 ./Core/Src/main.o
 .debug_macro   0x0000000000013d73       0x35 ./Core/Src/main.o
 .debug_macro   0x0000000000013da8       0x20 ./Core/Src/main.o
 .debug_macro   0x0000000000013dc8       0x1c ./Core/Src/main.o
 .debug_macro   0x0000000000013de4       0x10 ./Core/Src/main.o
 .debug_macro   0x0000000000013df4       0x10 ./Core/Src/main.o
 .debug_macro   0x0000000000013e04       0x1c ./Core/Src/main.o
 .debug_macro   0x0000000000013e20       0x52 ./Core/Src/main.o
 .debug_macro   0x0000000000013e72       0x22 ./Core/Src/main.o
 .debug_macro   0x0000000000013e94       0x10 ./Core/Src/main.o
 .debug_macro   0x0000000000013ea4       0x40 ./Core/Src/main.o
 .debug_macro   0x0000000000013ee4       0xd5 ./Core/Src/main.o
 .debug_macro   0x0000000000013fb9       0x1c ./Core/Src/main.o
 .debug_macro   0x0000000000013fd5       0x3d ./Core/Src/main.o
 .debug_macro   0x0000000000014012       0x16 ./Core/Src/main.o
 .debug_macro   0x0000000000014028      0x145 ./Core/Src/main.o
 .debug_macro   0x000000000001416d      0x1d5 ./Core/Src/stm32g0xx_hal_msp.o
 .debug_macro   0x0000000000014342      0x1df ./Core/Src/stm32g0xx_it.o
 .debug_macro   0x0000000000014521       0xff ./Core/Src/sysmem.o
 .debug_macro   0x0000000000014620      0x23b ./Core/Src/sysmem.o
 .debug_macro   0x000000000001485b      0x1cb ./Core/Src/system_stm32g0xx.o
 .debug_macro   0x0000000000014a26      0x1ef ./Drivers/STM32G0xx_HAL_Driver/Src/stm32g0xx_hal.o
 .debug_macro   0x0000000000014c15      0x1cb ./Drivers/STM32G0xx_HAL_Driver/Src/stm32g0xx_hal_cortex.o
 .debug_macro   0x0000000000014de0      0x1cb ./Drivers/STM32G0xx_HAL_Driver/Src/stm32g0xx_hal_dma.o
 .debug_macro   0x0000000000014fab      0x1d2 ./Drivers/STM32G0xx_HAL_Driver/Src/stm32g0xx_hal_gpio.o
 .debug_macro   0x000000000001517d      0x1f5 ./Drivers/STM32G0xx_HAL_Driver/Src/stm32g0xx_hal_pwr_ex.o
 .debug_macro   0x0000000000015372      0x207 ./Drivers/STM32G0xx_HAL_Driver/Src/stm32g0xx_hal_rcc.o
 .debug_macro   0x0000000000015579      0x1f6 ./Drivers/STM32G0xx_HAL_Driver/Src/stm32g0xx_hal_uart.o
 .debug_macro   0x000000000001576f      0x1d7 ./Drivers/STM32G0xx_HAL_Driver/Src/stm32g0xx_hal_uart_ex.o

.debug_line     0x0000000000000000     0xae75
 .debug_line    0x0000000000000000      0x9f9 ./Core/Src/main.o
 .debug_line    0x00000000000009f9      0x729 ./Core/Src/stm32g0xx_hal_msp.o
 .debug_line    0x0000000000001122      0x755 ./Core/Src/stm32g0xx_it.o
 .debug_line    0x0000000000001877      0x4f8 ./Core/Src/sysmem.o
 .debug_line    0x0000000000001d6f      0x74b ./Core/Src/system_stm32g0xx.o
 .debug_line    0x00000000000024ba       0x89 ./Core/Startup/startup_stm32g031k8tx.o
 .debug_line    0x0000000000002543      0xa99 ./Drivers/STM32G0xx_HAL_Driver/Src/stm32g0xx_hal.o
 .debug_line    0x0000000000002fdc      0xb02 ./Drivers/STM32G0xx_HAL_Driver/Src/stm32g0xx_hal_cortex.o
 .debug_line    0x0000000000003ade      0xd22 ./Drivers/STM32G0xx_HAL_Driver/Src/stm32g0xx_hal_dma.o
 .debug_line    0x0000000000004800      0xaec ./Drivers/STM32G0xx_HAL_Driver/Src/stm32g0xx_hal_gpio.o
 .debug_line    0x00000000000052ec      0xa5a ./Drivers/STM32G0xx_HAL_Driver/Src/stm32g0xx_hal_pwr_ex.o
 .debug_line    0x0000000000005d46      0xea9 ./Drivers/STM32G0xx_HAL_Driver/Src/stm32g0xx_hal_rcc.o
 .debug_line    0x0000000000006bef     0x34c6 ./Drivers/STM32G0xx_HAL_Driver/Src/stm32g0xx_hal_uart.o
 .debug_line    0x000000000000a0b5      0xdc0 ./Drivers/STM32G0xx_HAL_Driver/Src/stm32g0xx_hal_uart_ex.o

.debug_str      0x0000000000000000    0x881dc
 .debug_str     0x0000000000000000    0x859ba ./Core/Src/main.o
                                      0x85fc6 (size before relaxing)
 .debug_str     0x00000000000859ba      0x25e ./Core/Src/stm32g0xx_hal_msp.o
                                      0x81f06 (size before relaxing)
 .debug_str     0x0000000000085c18       0x88 ./Core/Src/stm32g0xx_it.o
                                      0x81c63 (size before relaxing)
 .debug_str     0x0000000000085ca0      0x4e9 ./Core/Src/sysmem.o
                                       0x619e (size before relaxing)
 .debug_str     0x0000000000086189       0x62 ./Core/Src/system_stm32g0xx.o
                                      0x81823 (size before relaxing)
 .debug_str     0x00000000000861eb       0x36 ./Core/Startup/startup_stm32g031k8tx.o
                                         0x5c (size before relaxing)
 .debug_str     0x0000000000086221      0x510 ./Drivers/STM32G0xx_HAL_Driver/Src/stm32g0xx_hal.o
                                      0x81f5f (size before relaxing)
 .debug_str     0x0000000000086731      0x2cc ./Drivers/STM32G0xx_HAL_Driver/Src/stm32g0xx_hal_cortex.o
                                      0x81c9e (size before relaxing)
 .debug_str     0x00000000000869fd      0x2bf ./Drivers/STM32G0xx_HAL_Driver/Src/stm32g0xx_hal_dma.o
                                      0x81ca6 (size before relaxing)
 .debug_str     0x0000000000086cbc      0x197 ./Drivers/STM32G0xx_HAL_Driver/Src/stm32g0xx_hal_gpio.o
                                      0x81970 (size before relaxing)
 .debug_str     0x0000000000086e53      0x3ab ./Drivers/STM32G0xx_HAL_Driver/Src/stm32g0xx_hal_pwr_ex.o
                                      0x81cb8 (size before relaxing)
 .debug_str     0x00000000000871fe      0x37d ./Drivers/STM32G0xx_HAL_Driver/Src/stm32g0xx_hal_rcc.o
                                      0x81e00 (size before relaxing)
 .debug_str     0x000000000008757b      0x973 ./Drivers/STM32G0xx_HAL_Driver/Src/stm32g0xx_hal_uart.o
                                      0x826bf (size before relaxing)
 .debug_str     0x0000000000087eee      0x2ee ./Drivers/STM32G0xx_HAL_Driver/Src/stm32g0xx_hal_uart_ex.o
                                      0x81f9a (size before relaxing)

.comment        0x0000000000000000       0x53
 .comment       0x0000000000000000       0x53 ./Core/Src/main.o
                                         0x54 (size before relaxing)
 .comment       0x0000000000000053       0x54 ./Core/Src/stm32g0xx_hal_msp.o
 .comment       0x0000000000000053       0x54 ./Core/Src/stm32g0xx_it.o
 .comment       0x0000000000000053       0x54 ./Core/Src/sysmem.o
 .comment       0x0000000000000053       0x54 ./Core/Src/system_stm32g0xx.o
 .comment       0x0000000000000053       0x54 ./Drivers/STM32G0xx_HAL_Driver/Src/stm32g0xx_hal.o
 .comment       0x0000000000000053       0x54 ./Drivers/STM32G0xx_HAL_Driver/Src/stm32g0xx_hal_cortex.o
 .comment       0x0000000000000053       0x54 ./Drivers/STM32G0xx_HAL_Driver/Src/stm32g0xx_hal_dma.o
 .comment       0x0000000000000053       0x54 ./Drivers/STM32G0xx_HAL_Driver/Src/stm32g0xx_hal_gpio.o
 .comment       0x0000000000000053       0x54 ./Drivers/STM32G0xx_HAL_Driver/Src/stm32g0xx_hal_pwr_ex.o
 .comment       0x0000000000000053       0x54 ./Drivers/STM32G0xx_HAL_Driver/Src/stm32g0xx_hal_rcc.o
 .comment       0x0000000000000053       0x54 ./Drivers/STM32G0xx_HAL_Driver/Src/stm32g0xx_hal_uart.o
 .comment       0x0000000000000053       0x54 ./Drivers/STM32G0xx_HAL_Driver/Src/stm32g0xx_hal_uart_ex.o

.debug_frame    0x0000000000000000     0x2148
 .debug_frame   0x0000000000000000       0xe0 ./Core/Src/main.o
 .debug_frame   0x00000000000000e0       0x70 ./Core/Src/stm32g0xx_hal_msp.o
 .debug_frame   0x0000000000000150       0xb8 ./Core/Src/stm32g0xx_it.o
 .debug_frame   0x0000000000000208       0x30 ./Core/Src/sysmem.o
 .debug_frame   0x0000000000000238       0x4c ./Core/Src/system_stm32g0xx.o
 .debug_frame   0x0000000000000284      0x3fc ./Drivers/STM32G0xx_HAL_Driver/Src/stm32g0xx_hal.o
 .debug_frame   0x0000000000000680      0x2fc ./Drivers/STM32G0xx_HAL_Driver/Src/stm32g0xx_hal_cortex.o
 .debug_frame   0x000000000000097c      0x1f0 ./Drivers/STM32G0xx_HAL_Driver/Src/stm32g0xx_hal_dma.o
 .debug_frame   0x0000000000000b6c      0x130 ./Drivers/STM32G0xx_HAL_Driver/Src/stm32g0xx_hal_gpio.o
 .debug_frame   0x0000000000000c9c      0x32c ./Drivers/STM32G0xx_HAL_Driver/Src/stm32g0xx_hal_pwr_ex.o
 .debug_frame   0x0000000000000fc8      0x214 ./Drivers/STM32G0xx_HAL_Driver/Src/stm32g0xx_hal_rcc.o
 .debug_frame   0x00000000000011dc      0x8d8 ./Drivers/STM32G0xx_HAL_Driver/Src/stm32g0xx_hal_uart.o
 .debug_frame   0x0000000000001ab4      0x23c ./Drivers/STM32G0xx_HAL_Driver/Src/stm32g0xx_hal_uart_ex.o
 .debug_frame   0x0000000000001cf0       0x20 c:/st/stm32cubeide_1.7.0/stm32cubeide/plugins/com.st.stm32cube.ide.mcu.externaltools.gnu-tools-for-stm32.9-2020-q2-update.win32_2.0.0.202105311346/tools/bin/../lib/gcc/arm-none-eabi/9.3.1/../../../../arm-none-eabi/lib/thumb/v6-m/nofp\libc_nano.a(lib_a-errno.o)
 .debug_frame   0x0000000000001d10       0x2c c:/st/stm32cubeide_1.7.0/stm32cubeide/plugins/com.st.stm32cube.ide.mcu.externaltools.gnu-tools-for-stm32.9-2020-q2-update.win32_2.0.0.202105311346/tools/bin/../lib/gcc/arm-none-eabi/9.3.1/../../../../arm-none-eabi/lib/thumb/v6-m/nofp\libc_nano.a(lib_a-init.o)
 .debug_frame   0x0000000000001d3c       0x20 c:/st/stm32cubeide_1.7.0/stm32cubeide/plugins/com.st.stm32cube.ide.mcu.externaltools.gnu-tools-for-stm32.9-2020-q2-update.win32_2.0.0.202105311346/tools/bin/../lib/gcc/arm-none-eabi/9.3.1/../../../../arm-none-eabi/lib/thumb/v6-m/nofp\libc_nano.a(lib_a-memset.o)
 .debug_frame   0x0000000000001d5c       0x48 c:/st/stm32cubeide_1.7.0/stm32cubeide/plugins/com.st.stm32cube.ide.mcu.externaltools.gnu-tools-for-stm32.9-2020-q2-update.win32_2.0.0.202105311346/tools/bin/../lib/gcc/arm-none-eabi/9.3.1/../../../../arm-none-eabi/lib/thumb/v6-m/nofp\libc_nano.a(lib_a-sprintf.o)
 .debug_frame   0x0000000000001da4       0x74 c:/st/stm32cubeide_1.7.0/stm32cubeide/plugins/com.st.stm32cube.ide.mcu.externaltools.gnu-tools-for-stm32.9-2020-q2-update.win32_2.0.0.202105311346/tools/bin/../lib/gcc/arm-none-eabi/9.3.1/../../../../arm-none-eabi/lib/thumb/v6-m/nofp\libc_nano.a(lib_a-nano-svfprintf.o)
 .debug_frame   0x0000000000001e18       0x54 c:/st/stm32cubeide_1.7.0/stm32cubeide/plugins/com.st.stm32cube.ide.mcu.externaltools.gnu-tools-for-stm32.9-2020-q2-update.win32_2.0.0.202105311346/tools/bin/../lib/gcc/arm-none-eabi/9.3.1/../../../../arm-none-eabi/lib/thumb/v6-m/nofp\libc_nano.a(lib_a-nano-vfprintf_i.o)
 .debug_frame   0x0000000000001e6c       0x20 c:/st/stm32cubeide_1.7.0/stm32cubeide/plugins/com.st.stm32cube.ide.mcu.externaltools.gnu-tools-for-stm32.9-2020-q2-update.win32_2.0.0.202105311346/tools/bin/../lib/gcc/arm-none-eabi/9.3.1/../../../../arm-none-eabi/lib/thumb/v6-m/nofp\libc_nano.a(lib_a-memchr-stub.o)
 .debug_frame   0x0000000000001e8c       0x28 c:/st/stm32cubeide_1.7.0/stm32cubeide/plugins/com.st.stm32cube.ide.mcu.externaltools.gnu-tools-for-stm32.9-2020-q2-update.win32_2.0.0.202105311346/tools/bin/../lib/gcc/arm-none-eabi/9.3.1/../../../../arm-none-eabi/lib/thumb/v6-m/nofp\libc_nano.a(lib_a-memcpy-stub.o)
 .debug_frame   0x0000000000001eb4       0x28 c:/st/stm32cubeide_1.7.0/stm32cubeide/plugins/com.st.stm32cube.ide.mcu.externaltools.gnu-tools-for-stm32.9-2020-q2-update.win32_2.0.0.202105311346/tools/bin/../lib/gcc/arm-none-eabi/9.3.1/../../../../arm-none-eabi/lib/thumb/v6-m/nofp\libc_nano.a(lib_a-memmove.o)
 .debug_frame   0x0000000000001edc       0x2c c:/st/stm32cubeide_1.7.0/stm32cubeide/plugins/com.st.stm32cube.ide.mcu.externaltools.gnu-tools-for-stm32.9-2020-q2-update.win32_2.0.0.202105311346/tools/bin/../lib/gcc/arm-none-eabi/9.3.1/../../../../arm-none-eabi/lib/thumb/v6-m/nofp\libc_nano.a(lib_a-nano-freer.o)
 .debug_frame   0x0000000000001f08       0x30 c:/st/stm32cubeide_1.7.0/stm32cubeide/plugins/com.st.stm32cube.ide.mcu.externaltools.gnu-tools-for-stm32.9-2020-q2-update.win32_2.0.0.202105311346/tools/bin/../lib/gcc/arm-none-eabi/9.3.1/../../../../arm-none-eabi/lib/thumb/v6-m/nofp\libc_nano.a(lib_a-nano-mallocr.o)
 .debug_frame   0x0000000000001f38       0x30 c:/st/stm32cubeide_1.7.0/stm32cubeide/plugins/com.st.stm32cube.ide.mcu.externaltools.gnu-tools-for-stm32.9-2020-q2-update.win32_2.0.0.202105311346/tools/bin/../lib/gcc/arm-none-eabi/9.3.1/../../../../arm-none-eabi/lib/thumb/v6-m/nofp\libc_nano.a(lib_a-nano-reallocr.o)
 .debug_frame   0x0000000000001f68       0x2c c:/st/stm32cubeide_1.7.0/stm32cubeide/plugins/com.st.stm32cube.ide.mcu.externaltools.gnu-tools-for-stm32.9-2020-q2-update.win32_2.0.0.202105311346/tools/bin/../lib/gcc/arm-none-eabi/9.3.1/../../../../arm-none-eabi/lib/thumb/v6-m/nofp\libc_nano.a(lib_a-sbrkr.o)
 .debug_frame   0x0000000000001f94       0x40 c:/st/stm32cubeide_1.7.0/stm32cubeide/plugins/com.st.stm32cube.ide.mcu.externaltools.gnu-tools-for-stm32.9-2020-q2-update.win32_2.0.0.202105311346/tools/bin/../lib/gcc/arm-none-eabi/9.3.1/../../../../arm-none-eabi/lib/thumb/v6-m/nofp\libc_nano.a(lib_a-mlock.o)
 .debug_frame   0x0000000000001fd4       0x20 c:/st/stm32cubeide_1.7.0/stm32cubeide/plugins/com.st.stm32cube.ide.mcu.externaltools.gnu-tools-for-stm32.9-2020-q2-update.win32_2.0.0.202105311346/tools/bin/../lib/gcc/arm-none-eabi/9.3.1/../../../../arm-none-eabi/lib/thumb/v6-m/nofp\libc_nano.a(lib_a-nano-msizer.o)
 .debug_frame   0x0000000000001ff4       0x48 c:/st/stm32cubeide_1.7.0/stm32cubeide/plugins/com.st.stm32cube.ide.mcu.externaltools.gnu-tools-for-stm32.9-2020-q2-update.win32_2.0.0.202105311346/tools/bin/../lib/gcc/arm-none-eabi/9.3.1/../../../../arm-none-eabi/lib/thumb/v6-m/nofp\libc_nano.a(lib_a-reent.o)
 .debug_frame   0x000000000000203c       0xb0 c:/st/stm32cubeide_1.7.0/stm32cubeide/plugins/com.st.stm32cube.ide.mcu.externaltools.gnu-tools-for-stm32.9-2020-q2-update.win32_2.0.0.202105311346/tools/bin/../lib/gcc/arm-none-eabi/9.3.1/../../../../arm-none-eabi/lib/thumb/v6-m/nofp\libc_nano.a(lib_a-lock.o)
 .debug_frame   0x00000000000020ec       0x20 c:/st/stm32cubeide_1.7.0/stm32cubeide/plugins/com.st.stm32cube.ide.mcu.externaltools.gnu-tools-for-stm32.9-2020-q2-update.win32_2.0.0.202105311346/tools/bin/../lib/gcc/arm-none-eabi/9.3.1/thumb/v6-m/nofp\libgcc.a(_udivsi3.o)
 .debug_frame   0x000000000000210c       0x3c c:/st/stm32cubeide_1.7.0/stm32cubeide/plugins/com.st.stm32cube.ide.mcu.externaltools.gnu-tools-for-stm32.9-2020-q2-update.win32_2.0.0.202105311346/tools/bin/../lib/gcc/arm-none-eabi/9.3.1/thumb/v6-m/nofp\libgcc.a(_udivmoddi4.o)
